Archive member included to satisfy reference by file (symbol)

include/SH1106/libSH1106.a(SH1106.cpp.obj)
                              CMakeFiles/radio.dir/radio.cpp.obj (SH1106::~SH1106())
include/SI4703/libSI4703.a(SI4703.cpp.obj)
                              CMakeFiles/radio.dir/radio.cpp.obj (SI4703::SI4703(unsigned int, int, int))
/usr/lib/gcc/arm-none-eabi/10.3.1/../../../arm-none-eabi/lib/thumb/v6-m/nofp/libstdc++.a(guard.o)
                              CMakeFiles/radio.dir/radio.cpp.obj (__cxa_guard_acquire)
/usr/lib/gcc/arm-none-eabi/10.3.1/../../../arm-none-eabi/lib/thumb/v6-m/nofp/libstdc++.a(guard_error.o)
                              /usr/lib/gcc/arm-none-eabi/10.3.1/../../../arm-none-eabi/lib/thumb/v6-m/nofp/libstdc++.a(guard.o) (__gnu_cxx::recursive_init_error::~recursive_init_error())
/usr/lib/gcc/arm-none-eabi/10.3.1/../../../arm-none-eabi/lib/thumb/v6-m/nofp/libstdc++.a(si_class_type_info.o)
                              /usr/lib/gcc/arm-none-eabi/10.3.1/../../../arm-none-eabi/lib/thumb/v6-m/nofp/libstdc++.a(guard_error.o) (vtable for __cxxabiv1::__si_class_type_info)
/usr/lib/gcc/arm-none-eabi/10.3.1/../../../arm-none-eabi/lib/thumb/v6-m/nofp/libstdc++.a(tinfo.o)
                              /usr/lib/gcc/arm-none-eabi/10.3.1/../../../arm-none-eabi/lib/thumb/v6-m/nofp/libstdc++.a(si_class_type_info.o) (std::type_info::__is_pointer_p() const)
/usr/lib/gcc/arm-none-eabi/10.3.1/../../../arm-none-eabi/lib/thumb/v6-m/nofp/libstdc++.a(class_type_info.o)
                              /usr/lib/gcc/arm-none-eabi/10.3.1/../../../arm-none-eabi/lib/thumb/v6-m/nofp/libstdc++.a(si_class_type_info.o) (__cxxabiv1::__class_type_info::__do_upcast(__cxxabiv1::__class_type_info const*, void**) const)
/usr/lib/gcc/arm-none-eabi/10.3.1/../../../arm-none-eabi/lib/thumb/v6-m/nofp/libstdc++.a(eh_alloc.o)
                              /usr/lib/gcc/arm-none-eabi/10.3.1/../../../arm-none-eabi/lib/thumb/v6-m/nofp/libstdc++.a(guard.o) (__cxa_allocate_exception)
/usr/lib/gcc/arm-none-eabi/10.3.1/../../../arm-none-eabi/lib/thumb/v6-m/nofp/libstdc++.a(eh_exception.o)
                              /usr/lib/gcc/arm-none-eabi/10.3.1/../../../arm-none-eabi/lib/thumb/v6-m/nofp/libstdc++.a(guard_error.o) (std::exception::~exception())
/usr/lib/gcc/arm-none-eabi/10.3.1/../../../arm-none-eabi/lib/thumb/v6-m/nofp/libstdc++.a(eh_terminate.o)
                              /usr/lib/gcc/arm-none-eabi/10.3.1/../../../arm-none-eabi/lib/thumb/v6-m/nofp/libstdc++.a(eh_alloc.o) (std::terminate())
/usr/lib/gcc/arm-none-eabi/10.3.1/../../../arm-none-eabi/lib/thumb/v6-m/nofp/libstdc++.a(eh_throw.o)
                              /usr/lib/gcc/arm-none-eabi/10.3.1/../../../arm-none-eabi/lib/thumb/v6-m/nofp/libstdc++.a(guard.o) (__cxa_throw)
/usr/lib/gcc/arm-none-eabi/10.3.1/../../../arm-none-eabi/lib/thumb/v6-m/nofp/libstdc++.a(eh_unex_handler.o)
                              /usr/lib/gcc/arm-none-eabi/10.3.1/../../../arm-none-eabi/lib/thumb/v6-m/nofp/libstdc++.a(eh_terminate.o) (__cxxabiv1::__unexpected_handler)
/usr/lib/gcc/arm-none-eabi/10.3.1/../../../arm-none-eabi/lib/thumb/v6-m/nofp/libstdc++.a(pure.o)
                              /usr/lib/gcc/arm-none-eabi/10.3.1/../../../arm-none-eabi/lib/thumb/v6-m/nofp/libstdc++.a(eh_exception.o) (__cxa_pure_virtual)
/usr/lib/gcc/arm-none-eabi/10.3.1/../../../arm-none-eabi/lib/thumb/v6-m/nofp/libstdc++.a(eh_arm.o)
                              /usr/lib/gcc/arm-none-eabi/10.3.1/../../../arm-none-eabi/lib/thumb/v6-m/nofp/libstdc++.a(eh_terminate.o) (__cxa_end_cleanup)
/usr/lib/gcc/arm-none-eabi/10.3.1/../../../arm-none-eabi/lib/thumb/v6-m/nofp/libstdc++.a(eh_call.o)
                              /usr/lib/gcc/arm-none-eabi/10.3.1/../../../arm-none-eabi/lib/thumb/v6-m/nofp/libstdc++.a(eh_terminate.o) (__cxa_call_unexpected)
/usr/lib/gcc/arm-none-eabi/10.3.1/../../../arm-none-eabi/lib/thumb/v6-m/nofp/libstdc++.a(eh_catch.o)
                              /usr/lib/gcc/arm-none-eabi/10.3.1/../../../arm-none-eabi/lib/thumb/v6-m/nofp/libstdc++.a(eh_terminate.o) (__cxa_begin_catch)
/usr/lib/gcc/arm-none-eabi/10.3.1/../../../arm-none-eabi/lib/thumb/v6-m/nofp/libstdc++.a(eh_globals.o)
                              /usr/lib/gcc/arm-none-eabi/10.3.1/../../../arm-none-eabi/lib/thumb/v6-m/nofp/libstdc++.a(eh_call.o) (__cxa_get_globals_fast)
/usr/lib/gcc/arm-none-eabi/10.3.1/../../../arm-none-eabi/lib/thumb/v6-m/nofp/libstdc++.a(eh_personality.o)
                              /usr/lib/gcc/arm-none-eabi/10.3.1/../../../arm-none-eabi/lib/thumb/v6-m/nofp/libstdc++.a(eh_terminate.o) (__gxx_personality_v0)
/usr/lib/gcc/arm-none-eabi/10.3.1/../../../arm-none-eabi/lib/thumb/v6-m/nofp/libstdc++.a(eh_term_handler.o)
                              /usr/lib/gcc/arm-none-eabi/10.3.1/../../../arm-none-eabi/lib/thumb/v6-m/nofp/libstdc++.a(eh_terminate.o) (__cxxabiv1::__terminate_handler)
/usr/lib/gcc/arm-none-eabi/10.3.1/thumb/v6-m/nofp/libgcc.a(_dvmd_tls.o)
[...]
Memory Configuration

Name             Origin             Length             Attributes
FLASH            0x0000000010000000 0x0000000000200000 xr
RAM              0x0000000020000000 0x0000000000040000 xrw
SCRATCH_X        0x0000000020040000 0x0000000000001000 xrw
SCRATCH_Y        0x0000000020041000 0x0000000000001000 xrw
*default*        0x0000000000000000 0xffffffffffffffff

Linker script and memory map

LOAD /usr/lib/gcc/arm-none-eabi/10.3.1/thumb/v6-m/nofp/crti.o
LOAD /usr/lib/gcc/arm-none-eabi/10.3.1/thumb/v6-m/nofp/crtbegin.o
LOAD /usr/lib/gcc/arm-none-eabi/10.3.1/../../../arm-none-eabi/lib/thumb/v6-m/nofp/crt0.o

.flash_begin    0x0000000010000000        0x0
                0x0000000010000000                __flash_binary_start = .

.boot2          0x0000000010000000      0x100
                0x0000000010000000                __boot2_start__ = .
 *(.boot2)
 .boot2         0x0000000010000000      0x100 /tmp/ccPyfDSF.o
                0x0000000010000100                __boot2_end__ = .
                0x0000000000000001                ASSERT (((__boot2_end__ - __boot2_start__) == 0x100), ERROR: Pico second stage bootloader must be 256 bytes in size)

.text           0x0000000010000100     0x7890
                0x0000000010000100                __logical_binary_start = .
 *(.vectors)
 .vectors       0x0000000010000100       0xd4 CMakeFiles/radio.dir/home/gtown/develop/pico/pico-sdk/src/rp2_common/pico_standard_link/crt0.S.obj
                0x0000000010000100                __vectors
                0x0000000010000100                __VECTOR_TABLE
                0x00000000100001c0                isr_invalid
                0x00000000100001c0                __default_isrs_start
                0x00000000100001c2                isr_nmi
                0x00000000100001c4                isr_hardfault
                0x00000000100001c6                isr_svcall
                0x00000000100001c8                isr_pendsv
                0x00000000100001ca                isr_systick
                0x00000000100001cc                isr_irq30
                0x00000000100001cc                __unhandled_user_irq
                0x00000000100001cc                isr_irq13
                0x00000000100001cc                isr_irq27
                0x00000000100001cc                isr_irq31
                0x00000000100001cc                isr_irq5
                0x00000000100001cc                isr_irq11
                0x00000000100001cc                isr_irq23
                0x00000000100001cc                isr_irq18
                0x00000000100001cc                isr_irq28
                0x00000000100001cc                isr_irq19
                0x00000000100001cc                isr_irq0
                0x00000000100001cc                isr_irq6
                0x00000000100001cc                isr_irq22
                0x00000000100001cc                isr_irq17
                0x00000000100001cc                isr_irq14
                0x00000000100001cc                isr_irq2
                0x00000000100001cc                isr_irq10
                0x00000000100001cc                isr_irq8
                0x00000000100001cc                isr_irq24
                0x00000000100001cc                isr_irq1
                0x00000000100001cc                isr_irq7
                0x00000000100001cc                isr_irq21
                0x00000000100001cc                isr_irq20
                0x00000000100001cc                isr_irq15
                0x00000000100001cc                isr_irq25
                0x00000000100001cc                isr_irq4
                0x00000000100001cc                isr_irq16
                0x00000000100001cc                isr_irq29
                0x00000000100001cc                isr_irq26
                0x00000000100001cc                __default_isrs_end
                0x00000000100001cc                isr_irq3
                0x00000000100001cc                isr_irq12
                0x00000000100001cc                isr_irq9
                0x00000000100001d2                unhandled_user_irq_num_in_r0
 *(.binary_info_header)
 .binary_info_header
                0x00000000100001d4       0x14 CMakeFiles/radio.dir/home/gtown/develop/pico/pico-sdk/src/rp2_common/pico_standard_link/crt0.S.obj
                0x00000000100001e8                __binary_info_header_end = .
 *(.reset)
 .reset         0x00000000100001e8       0xa8 CMakeFiles/radio.dir/home/gtown/develop/pico/pico-sdk/src/rp2_common/pico_standard_link/crt0.S.obj
                0x00000000100001e8                _entry_point
                0x0000000010000266                __get_current_exception
 .reset         0x0000000010000290       0x24 CMakeFiles/radio.dir/home/gtown/develop/pico/pico-sdk/src/rp2_common/pico_standard_link/binary_info.c.obj
 *(.init)
 .init          0x00000000100002b4        0x4 /usr/lib/gcc/arm-none-eabi/10.3.1/thumb/v6-m/nofp/crti.o
                0x00000000100002b4                _init
 *(EXCLUDE_FILE(*libm.a: *libc.a:*lib_a-mem*.o *libgcc.a:) .text*)
 .text          0x00000000100002b8       0x98 /usr/lib/gcc/arm-none-eabi/10.3.1/thumb/v6-m/nofp/crtbegin.o
 .text.__tcf_0  0x0000000010000350       0x10 CMakeFiles/radio.dir/radio.cpp.obj
 .text._Z9set_ky040jjj
                0x0000000010000360       0x50 CMakeFiles/radio.dir/radio.cpp.obj
                0x0000000010000360                set_ky040(unsigned int, unsigned int, unsigned int)
 .text.startup.main
                0x00000000100003b0      0x598 CMakeFiles/radio.dir/radio.cpp.obj
                0x00000000100003b0                main
 .text.gpio_set_function
                0x0000000010000948       0x30 CMakeFiles/radio.dir/home/gtown/develop/pico/pico-sdk/src/rp2_common/hardware_gpio/gpio.c.obj
                0x0000000010000948                gpio_set_function
 .text.gpio_set_pulls
                0x0000000010000978       0x30 CMakeFiles/radio.dir/home/gtown/develop/pico/pico-sdk/src/rp2_common/hardware_gpio/gpio.c.obj
                0x0000000010000978                gpio_set_pulls
 .text.gpio_set_drive_strength
                0x00000000100009a8       0x20 CMakeFiles/radio.dir/home/gtown/develop/pico/pico-sdk/src/rp2_common/hardware_gpio/gpio.c.obj
                0x00000000100009a8                gpio_set_drive_strength
 .text.gpio_init
                0x00000000100009c8       0x3c CMakeFiles/radio.dir/home/gtown/develop/pico/pico-sdk/src/rp2_common/hardware_gpio/gpio.c.obj
                0x00000000100009c8                gpio_init
 .text.gpio_deinit
                0x0000000010000a04       0x30 CMakeFiles/radio.dir/home/gtown/develop/pico/pico-sdk/src/rp2_common/hardware_gpio/gpio.c.obj
                0x0000000010000a04                gpio_deinit
 .text.hw_claim_or_assert
                0x0000000010000a34       0x44 CMakeFiles/radio.dir/home/gtown/develop/pico/pico-sdk/src/rp2_common/hardware_claim/claim.c.obj
                0x0000000010000a34                hw_claim_or_assert
 .text.running_on_fpga
                0x0000000010000a78       0x10 CMakeFiles/radio.dir/home/gtown/develop/pico/pico-sdk/src/rp2_common/pico_platform/platform.c.obj
                0x0000000010000a78                running_on_fpga
 .text.spin_locks_reset
                0x0000000010000a88       0x1c CMakeFiles/radio.dir/home/gtown/develop/pico/pico-sdk/src/rp2_common/hardware_sync/sync.c.obj
                0x0000000010000a88                spin_locks_reset
 .text.next_striped_spin_lock_num
                0x0000000010000aa4       0x18 CMakeFiles/radio.dir/home/gtown/develop/pico/pico-sdk/src/rp2_common/hardware_sync/sync.c.obj
                0x0000000010000aa4                next_striped_spin_lock_num
 .text.irq_set_enabled
                0x0000000010000abc       0x24 CMakeFiles/radio.dir/home/gtown/develop/pico/pico-sdk/src/rp2_common/hardware_irq/irq.c.obj
                0x0000000010000abc                irq_set_enabled
 .text.irq_get_vtable_handler
                0x0000000010000ae0       0x10 CMakeFiles/radio.dir/home/gtown/develop/pico/pico-sdk/src/rp2_common/hardware_irq/irq.c.obj
                0x0000000010000ae0                irq_get_vtable_handler
 .text.irq_set_exclusive_handler
                0x0000000010000af0       0x54 CMakeFiles/radio.dir/home/gtown/develop/pico/pico-sdk/src/rp2_common/hardware_irq/irq.c.obj
                0x0000000010000af0                irq_set_exclusive_handler
 .text.irq_remove_handler
                0x0000000010000b44      0x1b4 CMakeFiles/radio.dir/home/gtown/develop/pico/pico-sdk/src/rp2_common/hardware_irq/irq.c.obj
                0x0000000010000b44                irq_remove_handler
 .text.irq_add_tail_to_free_list
                0x0000000010000cf8       0xb4 CMakeFiles/radio.dir/home/gtown/develop/pico/pico-sdk/src/rp2_common/hardware_irq/irq.c.obj
                0x0000000010000cf8                irq_add_tail_to_free_list
 .text.irq_init_priorities
                0x0000000010000dac       0x24 CMakeFiles/radio.dir/home/gtown/develop/pico/pico-sdk/src/rp2_common/hardware_irq/irq.c.obj
                0x0000000010000dac                irq_init_priorities
 .text.lock_init
                0x0000000010000dd0       0x10 CMakeFiles/radio.dir/home/gtown/develop/pico/pico-sdk/src/common/pico_sync/lock_core.c.obj
                0x0000000010000dd0                lock_init
 .text.timer_pool_entry_comparator
                0x0000000010000de0       0x34 CMakeFiles/radio.dir/home/gtown/develop/pico/pico-sdk/src/common/pico_time/time.c.obj
                0x0000000010000de0                timer_pool_entry_comparator
 .text.sleep_until_callback
                0x0000000010000e14       0x30 CMakeFiles/radio.dir/home/gtown/develop/pico/pico-sdk/src/common/pico_time/time.c.obj
 .text.add_alarm_under_lock.isra.0
                0x0000000010000e44      0x100 CMakeFiles/radio.dir/home/gtown/develop/pico/pico-sdk/src/common/pico_time/time.c.obj
 .text.alarm_pool_alarm_callback
                0x0000000010000f44      0x1c8 CMakeFiles/radio.dir/home/gtown/develop/pico/pico-sdk/src/common/pico_time/time.c.obj
 .text.alarm_pool_add_alarm_at.constprop.0
                0x000000001000110c      0x11c CMakeFiles/radio.dir/home/gtown/develop/pico/pico-sdk/src/common/pico_time/time.c.obj
 .text.alarm_pool_init_default
                0x0000000010001228       0x64 CMakeFiles/radio.dir/home/gtown/develop/pico/pico-sdk/src/common/pico_time/time.c.obj
                0x0000000010001228                alarm_pool_init_default
 .text.sleep_until
                0x000000001000128c       0xac CMakeFiles/radio.dir/home/gtown/develop/pico/pico-sdk/src/common/pico_time/time.c.obj
                0x000000001000128c                sleep_until
 .text.sleep_ms
                0x0000000010001338       0x38 CMakeFiles/radio.dir/home/gtown/develop/pico/pico-sdk/src/common/pico_time/time.c.obj
                0x0000000010001338                sleep_ms
 .text.hardware_alarm_irq_handler
                0x0000000010001370       0xb8 CMakeFiles/radio.dir/home/gtown/develop/pico/pico-sdk/src/rp2_common/hardware_timer/timer.c.obj
 .text.hardware_alarm_claim
                0x0000000010001428       0x18 CMakeFiles/radio.dir/home/gtown/develop/pico/pico-sdk/src/rp2_common/hardware_timer/timer.c.obj
                0x0000000010001428                hardware_alarm_claim
 .text.time_us_64
                0x0000000010001440       0x14 CMakeFiles/radio.dir/home/gtown/develop/pico/pico-sdk/src/rp2_common/hardware_timer/timer.c.obj
                0x0000000010001440                time_us_64
 .text.busy_wait_until
                0x0000000010001454       0x20 CMakeFiles/radio.dir/home/gtown/develop/pico/pico-sdk/src/rp2_common/hardware_timer/timer.c.obj
                0x0000000010001454                busy_wait_until
 .text.hardware_alarm_set_callback
                0x0000000010001474       0x8c CMakeFiles/radio.dir/home/gtown/develop/pico/pico-sdk/src/rp2_common/hardware_timer/timer.c.obj
                0x0000000010001474                hardware_alarm_set_callback
 .text.hardware_alarm_set_target
                0x0000000010001500       0xe0 CMakeFiles/radio.dir/home/gtown/develop/pico/pico-sdk/src/rp2_common/hardware_timer/timer.c.obj
                0x0000000010001500                hardware_alarm_set_target
 .text.hardware_alarm_cancel
                0x00000000100015e0       0x3c CMakeFiles/radio.dir/home/gtown/develop/pico/pico-sdk/src/rp2_common/hardware_timer/timer.c.obj
                0x00000000100015e0                hardware_alarm_cancel
 .text.ph_merge_nodes
                0x000000001000161c       0x68 CMakeFiles/radio.dir/home/gtown/develop/pico/pico-sdk/src/common/pico_util/pheap.c.obj
 .text.ph_post_alloc_init
                0x0000000010001684       0x3c CMakeFiles/radio.dir/home/gtown/develop/pico/pico-sdk/src/common/pico_util/pheap.c.obj
                0x0000000010001684                ph_post_alloc_init
 .text.ph_merge_two_pass
                0x00000000100016c0       0x90 CMakeFiles/radio.dir/home/gtown/develop/pico/pico-sdk/src/common/pico_util/pheap.c.obj
                0x00000000100016c0                ph_merge_two_pass
 .text.ph_remove_any_head
                0x0000000010001750       0xf8 CMakeFiles/radio.dir/home/gtown/develop/pico/pico-sdk/src/common/pico_util/pheap.c.obj
 .text.ph_remove_head
                0x0000000010001848       0xfc CMakeFiles/radio.dir/home/gtown/develop/pico/pico-sdk/src/common/pico_util/pheap.c.obj
                0x0000000010001848                ph_remove_head
 .text.ph_remove_and_free_node
                0x0000000010001944       0x7c CMakeFiles/radio.dir/home/gtown/develop/pico/pico-sdk/src/common/pico_util/pheap.c.obj
                0x0000000010001944                ph_remove_and_free_node
 .text.mutex_init
                0x00000000100019c0       0x1c CMakeFiles/radio.dir/home/gtown/develop/pico/pico-sdk/src/common/pico_sync/mutex.c.obj
                0x00000000100019c0                mutex_init
 .text.recursive_mutex_init
                0x00000000100019dc       0x1c CMakeFiles/radio.dir/home/gtown/develop/pico/pico-sdk/src/common/pico_sync/mutex.c.obj
                0x00000000100019dc                recursive_mutex_init
 .text.uart_init
                0x00000000100019f8       0xe0 CMakeFiles/radio.dir/home/gtown/develop/pico/pico-sdk/src/rp2_common/hardware_uart/uart.c.obj
                0x00000000100019f8                uart_init
 .text.runtime_init
                0x0000000010001ad8       0xf0 CMakeFiles/radio.dir/home/gtown/develop/pico/pico-sdk/src/rp2_common/pico_runtime/runtime.c.obj
                0x0000000010001ad8                runtime_init
 .text._exit    0x0000000010001bc8        0x4 CMakeFiles/radio.dir/home/gtown/develop/pico/pico-sdk/src/rp2_common/pico_runtime/runtime.c.obj
                0x0000000010001bc8                _exit
 .text._sbrk    0x0000000010001bcc       0x34 CMakeFiles/radio.dir/home/gtown/develop/pico/pico-sdk/src/rp2_common/pico_runtime/runtime.c.obj
                0x0000000010001bcc                _sbrk
 .text.exit     0x0000000010001c00        0x4 CMakeFiles/radio.dir/home/gtown/develop/pico/pico-sdk/src/rp2_common/pico_runtime/runtime.c.obj
                0x0000000010001c00                exit
 .text.panic    0x0000000010001c04       0x30 CMakeFiles/radio.dir/home/gtown/develop/pico/pico-sdk/src/rp2_common/pico_runtime/runtime.c.obj
                0x0000000010001c04                panic
 .text.hard_assertion_failure
                0x0000000010001c34        0xc CMakeFiles/radio.dir/home/gtown/develop/pico/pico-sdk/src/rp2_common/pico_runtime/runtime.c.obj
                0x0000000010001c34                hard_assertion_failure
 .text.clocks_init
                0x0000000010001c40      0x2bc CMakeFiles/radio.dir/home/gtown/develop/pico/pico-sdk/src/rp2_common/hardware_clocks/clocks.c.obj
                0x0000000010001c40                clocks_init
 .text.clock_get_hz
                0x0000000010001efc        0xc CMakeFiles/radio.dir/home/gtown/develop/pico/pico-sdk/src/rp2_common/hardware_clocks/clocks.c.obj
                0x0000000010001efc                clock_get_hz
 .text.pll_init
                0x0000000010001f08       0xb0 CMakeFiles/radio.dir/home/gtown/develop/pico/pico-sdk/src/rp2_common/hardware_pll/pll.c.obj
                0x0000000010001f08                pll_init
 .text.watchdog_start_tick
                0x0000000010001fb8       0x10 CMakeFiles/radio.dir/home/gtown/develop/pico/pico-sdk/src/rp2_common/hardware_watchdog/watchdog.c.obj
                0x0000000010001fb8                watchdog_start_tick
 .text.xosc_init
                0x0000000010001fc8       0x28 CMakeFiles/radio.dir/home/gtown/develop/pico/pico-sdk/src/rp2_common/hardware_xosc/xosc.c.obj
                0x0000000010001fc8                xosc_init
 .text._out_buffer
                0x0000000010001ff0        0x8 CMakeFiles/radio.dir/home/gtown/develop/pico/pico-sdk/src/rp2_common/pico_printf/printf.c.obj
 .text._out_null
                0x0000000010001ff8        0x4 CMakeFiles/radio.dir/home/gtown/develop/pico/pico-sdk/src/rp2_common/pico_printf/printf.c.obj
 .text._out_rev
                0x0000000010001ffc       0x9c CMakeFiles/radio.dir/home/gtown/develop/pico/pico-sdk/src/rp2_common/pico_printf/printf.c.obj
 .text._ntoa_format
                0x0000000010002098      0x1cc CMakeFiles/radio.dir/home/gtown/develop/pico/pico-sdk/src/rp2_common/pico_printf/printf.c.obj
 .text._out_char
                0x0000000010002264       0x10 CMakeFiles/radio.dir/home/gtown/develop/pico/pico-sdk/src/rp2_common/pico_printf/printf.c.obj
 .text._out_fct
                0x0000000010002274       0x10 CMakeFiles/radio.dir/home/gtown/develop/pico/pico-sdk/src/rp2_common/pico_printf/printf.c.obj
 .text._etoa    0x0000000010002284      0x44c CMakeFiles/radio.dir/home/gtown/develop/pico/pico-sdk/src/rp2_common/pico_printf/printf.c.obj
 .text._ftoa    0x00000000100026d0      0x398 CMakeFiles/radio.dir/home/gtown/develop/pico/pico-sdk/src/rp2_common/pico_printf/printf.c.obj
 .text._vsnprintf
                0x0000000010002a68      0xb04 CMakeFiles/radio.dir/home/gtown/develop/pico/pico-sdk/src/rp2_common/pico_printf/printf.c.obj
 .text.__wrap_sprintf
                0x000000001000356c       0x28 CMakeFiles/radio.dir/home/gtown/develop/pico/pico-sdk/src/rp2_common/pico_printf/printf.c.obj
                0x000000001000356c                __wrap_sprintf
 .text.vfctprintf
                0x0000000010003594       0x20 CMakeFiles/radio.dir/home/gtown/develop/pico/pico-sdk/src/rp2_common/pico_printf/printf.c.obj
                0x0000000010003594                vfctprintf
 .text.weak_raw_vprintf
                0x00000000100035b4       0x30 CMakeFiles/radio.dir/home/gtown/develop/pico/pico-sdk/src/rp2_common/pico_printf/printf.c.obj
                0x00000000100035b4                weak_raw_vprintf
 .text          0x00000000100035e4       0x10 CMakeFiles/radio.dir/home/gtown/develop/pico/pico-sdk/src/rp2_common/pico_bit_ops/bit_ops_aeabi.S.obj
 .text.rom_func_lookup
                0x00000000100035f4       0x10 CMakeFiles/radio.dir/home/gtown/develop/pico/pico-sdk/src/rp2_common/pico_bootrom/bootrom.c.obj
                0x00000000100035f4                rom_func_lookup
 .text.rom_data_lookup
                0x0000000010003604       0x10 CMakeFiles/radio.dir/home/gtown/develop/pico/pico-sdk/src/rp2_common/pico_bootrom/bootrom.c.obj
                0x0000000010003604                rom_data_lookup
 .text.rom_funcs_lookup
                0x0000000010003614       0x44 CMakeFiles/radio.dir/home/gtown/develop/pico/pico-sdk/src/rp2_common/pico_bootrom/bootrom.c.obj
                0x0000000010003614                rom_funcs_lookup
 .text.__wrap___aeabi_idiv
                0x0000000010003658       0x50 CMakeFiles/radio.dir/home/gtown/develop/pico/pico-sdk/src/rp2_common/pico_divider/divider.S.obj
                0x0000000010003658                __wrap___aeabi_idivmod
                0x0000000010003658                divmod_s32s32
                0x0000000010003658                div_s32s32
                0x0000000010003658                __wrap___aeabi_idiv
                0x0000000010003660                divmod_s32s32_unsafe
                0x000000001000368c                divmod_s32s32_savestate
 .text.__wrap___aeabi_uidiv
                0x00000000100036a8       0x4c CMakeFiles/radio.dir/home/gtown/develop/pico/pico-sdk/src/rp2_common/pico_divider/divider.S.obj
                0x00000000100036a8                __wrap___aeabi_uidiv
                0x00000000100036a8                __wrap___aeabi_uidivmod
                0x00000000100036a8                div_u32u32
                0x00000000100036a8                divmod_u32u32
                0x00000000100036b0                divmod_u32u32_unsafe
                0x00000000100036d8                divmod_u32u32_savestate
 .text.__wrap___aeabi_ldiv
                0x00000000100036f4      0x434 CMakeFiles/radio.dir/home/gtown/develop/pico/pico-sdk/src/rp2_common/pico_divider/divider.S.obj
                0x00000000100036f4                div_s64s64
                0x00000000100036f4                divmod_s64s64
                0x00000000100036f4                __wrap___aeabi_ldivmod
                0x000000001000372c                div_u64u64
                0x000000001000372c                divmod_u64u64
                0x000000001000372c                __wrap___aeabi_uldivmod
                0x000000001000373c                divmod_u64u64_savestate
                0x0000000010003764                divmod_s64s64_unsafe
                0x00000000100037ec                divmod_u64u64_unsafe
 .text.__wrap___aeabi_darithmetic
                0x0000000010003b28       0x80 CMakeFiles/radio.dir/home/gtown/develop/pico/pico-sdk/src/rp2_common/pico_double/double_aeabi.S.obj
                0x0000000010003b28                __wrap___aeabi_drsub
                0x0000000010003b2e                __wrap___aeabi_dsub
                0x0000000010003b40                __wrap___aeabi_dadd
                0x0000000010003b52                __wrap___aeabi_ddiv
                0x0000000010003b8e                __wrap___aeabi_dmul
 .text.__wrap___aeabi_cdcmple
                0x0000000010003ba8       0x6c CMakeFiles/radio.dir/home/gtown/develop/pico/pico-sdk/src/rp2_common/pico_double/double_aeabi.S.obj
                0x0000000010003ba8                __wrap___aeabi_cdrcmple
                0x0000000010003bb8                __wrap___aeabi_cdcmple
                0x0000000010003bb8                __wrap___aeabi_cdcmpeq
 .text.__wrap___aeabi_dcmplt
                0x0000000010003c14        0xc CMakeFiles/radio.dir/home/gtown/develop/pico/pico-sdk/src/rp2_common/pico_double/double_aeabi.S.obj
                0x0000000010003c14                __wrap___aeabi_dcmplt
 .text.__wrap___aeabi_dcmple
                0x0000000010003c20       0x10 CMakeFiles/radio.dir/home/gtown/develop/pico/pico-sdk/src/rp2_common/pico_double/double_aeabi.S.obj
                0x0000000010003c20                __wrap___aeabi_dcmple
 .text.__wrap___aeabi_dcmpge
                0x0000000010003c30       0x10 CMakeFiles/radio.dir/home/gtown/develop/pico/pico-sdk/src/rp2_common/pico_double/double_aeabi.S.obj
                0x0000000010003c30                __wrap___aeabi_dcmpge
 .text.__wrap___aeabi_dcmpgt
                0x0000000010003c40        0xa CMakeFiles/radio.dir/home/gtown/develop/pico/pico-sdk/src/rp2_common/pico_double/double_aeabi.S.obj
                0x0000000010003c40                __wrap___aeabi_dcmpgt
 .text.__wrap___aeabi_dcmpun
                0x0000000010003c4a       0x1c CMakeFiles/radio.dir/home/gtown/develop/pico/pico-sdk/src/rp2_common/pico_double/double_aeabi.S.obj
                0x0000000010003c4a                __wrap___aeabi_dcmpun
 *fill*         0x0000000010003c66        0x2 
 .text.__wrap___aeabi_i2d
                0x0000000010003c68       0x38 CMakeFiles/radio.dir/home/gtown/develop/pico/pico-sdk/src/rp2_common/pico_double/double_aeabi.S.obj
                0x0000000010003c68                __wrap___aeabi_ui2d
                0x0000000010003c70                __wrap___aeabi_i2d
 .text.__wrap___aeabi_d2iz
                0x0000000010003ca0       0x48 CMakeFiles/radio.dir/home/gtown/develop/pico/pico-sdk/src/rp2_common/pico_double/double_aeabi.S.obj
                0x0000000010003ca0                __wrap___aeabi_d2iz
                0x0000000010003ca0                double2int_z
 .text.__wrap___aeabi_d2uiz
                0x0000000010003ce8       0x18 CMakeFiles/radio.dir/home/gtown/develop/pico/pico-sdk/src/rp2_common/pico_double/double_aeabi.S.obj
                0x0000000010003ce8                double2uint
                0x0000000010003ce8                __wrap___aeabi_d2uiz
 .text.__aeabi_double_init
                0x0000000010003d00       0x94 CMakeFiles/radio.dir/home/gtown/develop/pico/pico-sdk/src/rp2_common/pico_double/double_init_rom.c.obj
                0x0000000010003d00                __aeabi_double_init
 .text.double_table_shim_on_use_helper
                0x0000000010003d94       0x2c CMakeFiles/radio.dir/home/gtown/develop/pico/pico-sdk/src/rp2_common/pico_double/double_v1_rom_shim.S.obj
                0x0000000010003d94                double_table_shim_on_use_helper
 .text.__wrap___aeabi_dsub
                0x0000000010003dc0       0x10 CMakeFiles/radio.dir/home/gtown/develop/pico/pico-sdk/src/rp2_common/pico_double/double_v1_rom_shim.S.obj
                0x0000000010003dc0                drsub_shim
                0x0000000010003dc6                dsub_shim
 .text.dadd_shim
                0x0000000010003dd0      0x15c CMakeFiles/radio.dir/home/gtown/develop/pico/pico-sdk/src/rp2_common/pico_double/double_v1_rom_shim.S.obj
                0x0000000010003dd0                dadd_shim
 .text.dmul_shim
                0x0000000010003f2c      0x15c CMakeFiles/radio.dir/home/gtown/develop/pico/pico-sdk/src/rp2_common/pico_double/double_v1_rom_shim.S.obj
                0x0000000010003f2c                dmul_shim
 .text.ddiv_shim
                0x0000000010004088      0x1b0 CMakeFiles/radio.dir/home/gtown/develop/pico/pico-sdk/src/rp2_common/pico_double/double_v1_rom_shim.S.obj
                0x0000000010004088                ddiv_shim
 .text.double2uint_shim
                0x0000000010004238        0xe CMakeFiles/radio.dir/home/gtown/develop/pico/pico-sdk/src/rp2_common/pico_double/double_v1_rom_shim.S.obj
                0x0000000010004238                double2uint_shim
                0x000000001000423a                double2ufix_shim
 *fill*         0x0000000010004246        0x2 
 .text.double2uint64_shim
                0x0000000010004248       0x70 CMakeFiles/radio.dir/home/gtown/develop/pico/pico-sdk/src/rp2_common/pico_double/double_v1_rom_shim.S.obj
                0x0000000010004248                double2uint64_shim
                0x000000001000424a                double2ufix64_shim
                0x000000001000426a                d2fix_a
 .text.dunpacks
                0x00000000100042b8       0x3c CMakeFiles/radio.dir/home/gtown/develop/pico/pico-sdk/src/rp2_common/pico_double/double_v1_rom_shim.S.obj
                0x00000000100042b8                dunpacks
 .text.__aeabi_lmul
                0x00000000100042f4       0x32 CMakeFiles/radio.dir/home/gtown/develop/pico/pico-sdk/src/rp2_common/pico_int64_ops/pico_int64_ops_aeabi.S.obj
                0x00000000100042f4                __wrap___aeabi_lmul
 *fill*         0x0000000010004326        0x2 
 .text.__wrap___aeabi_farithmetic
                0x0000000010004328       0x48 CMakeFiles/radio.dir/home/gtown/develop/pico/pico-sdk/src/rp2_common/pico_float/float_aeabi.S.obj
                0x0000000010004328                __wrap___aeabi_frsub
                0x000000001000432e                __wrap___aeabi_fsub
                0x0000000010004334                __wrap___aeabi_fadd
                0x000000001000433a                __wrap___aeabi_fdiv
                0x0000000010004362                __wrap___aeabi_fmul
 .text.__wrap___aeabi_cfcmple
                0x0000000010004370       0x50 CMakeFiles/radio.dir/home/gtown/develop/pico/pico-sdk/src/rp2_common/pico_float/float_aeabi.S.obj
                0x0000000010004370                __wrap___aeabi_cfrcmple
                0x000000001000437c                __wrap___aeabi_cfcmpeq
                0x000000001000437c                __wrap___aeabi_cfcmple
 .text.__wrap___aeabi_fcmplt
                0x00000000100043c0        0xc CMakeFiles/radio.dir/home/gtown/develop/pico/pico-sdk/src/rp2_common/pico_float/float_aeabi.S.obj
                0x00000000100043c0                __wrap___aeabi_fcmplt
 .text.__wrap___aeabi_i2f
                0x00000000100043cc       0x44 CMakeFiles/radio.dir/home/gtown/develop/pico/pico-sdk/src/rp2_common/pico_float/float_aeabi.S.obj
                0x00000000100043cc                __wrap___aeabi_i2f
 .text.__wrap___aeabi_f2uiz
                0x0000000010004410        0xc CMakeFiles/radio.dir/home/gtown/develop/pico/pico-sdk/src/rp2_common/pico_float/float_aeabi.S.obj
                0x0000000010004410                __wrap___aeabi_f2uiz
 .text.__wrap___aeabi_f2d
                0x000000001000441c       0x14 CMakeFiles/radio.dir/home/gtown/develop/pico/pico-sdk/src/rp2_common/pico_float/float_aeabi.S.obj
                0x000000001000441c                __wrap___aeabi_f2d
 .text.__aeabi_float_init
                0x0000000010004430       0x64 CMakeFiles/radio.dir/home/gtown/develop/pico/pico-sdk/src/rp2_common/pico_float/float_init_rom.c.obj
                0x0000000010004430                __aeabi_float_init
 .text.float_table_shim_on_use_helper
                0x0000000010004494       0x2c CMakeFiles/radio.dir/home/gtown/develop/pico/pico-sdk/src/rp2_common/pico_float/float_v1_rom_shim.S.obj
                0x0000000010004494                float_table_shim_on_use_helper
 .text.float2double_shim
                0x00000000100044c0       0x30 CMakeFiles/radio.dir/home/gtown/develop/pico/pico-sdk/src/rp2_common/pico_float/float_v1_rom_shim.S.obj
                0x00000000100044c0                float2double_shim
 .text.__wrap_malloc
                0x00000000100044f0       0x24 CMakeFiles/radio.dir/home/gtown/develop/pico/pico-sdk/src/rp2_common/pico_malloc/pico_malloc.c.obj
                0x00000000100044f0                __wrap_malloc
 .text.__wrap_free
                0x0000000010004514        0x8 CMakeFiles/radio.dir/home/gtown/develop/pico/pico-sdk/src/rp2_common/pico_malloc/pico_malloc.c.obj
                0x0000000010004514                __wrap_free
 .text          0x000000001000451c       0x10 CMakeFiles/radio.dir/home/gtown/develop/pico/pico-sdk/src/rp2_common/pico_mem_ops/mem_ops_aeabi.S.obj
                0x000000001000451c                __aeabi_mem_init
 .text.memset   0x000000001000452c        0xc CMakeFiles/radio.dir/home/gtown/develop/pico/pico-sdk/src/rp2_common/pico_mem_ops/mem_ops_aeabi.S.obj
                0x000000001000452c                __wrap_memset
 .text.memcpy   0x0000000010004538        0xc CMakeFiles/radio.dir/home/gtown/develop/pico/pico-sdk/src/rp2_common/pico_mem_ops/mem_ops_aeabi.S.obj
                0x0000000010004538                __wrap___aeabi_memcpy
                0x0000000010004538                __wrap_memcpy
 .text._ZdlPvj  0x0000000010004544        0x8 CMakeFiles/radio.dir/home/gtown/develop/pico/pico-sdk/src/rp2_common/pico_standard_link/new_delete.cpp.obj
                0x0000000010004544                operator delete(void*, unsigned int)
 .text.stdio_out_chars_no_crlf
                0x000000001000454c       0x10 CMakeFiles/radio.dir/home/gtown/develop/pico/pico-sdk/src/rp2_common/pico_stdio/stdio.c.obj
 .text.stdio_out_chars_crlf
                0x000000001000455c       0xb4 CMakeFiles/radio.dir/home/gtown/develop/pico/pico-sdk/src/rp2_common/pico_stdio/stdio.c.obj
 .text.stdio_buffered_printer
                0x0000000010004610       0x64 CMakeFiles/radio.dir/home/gtown/develop/pico/pico-sdk/src/rp2_common/pico_stdio/stdio.c.obj
 .text.stdio_put_string.isra.0
                0x0000000010004674       0xfc CMakeFiles/radio.dir/home/gtown/develop/pico/pico-sdk/src/rp2_common/pico_stdio/stdio.c.obj
 .text.__wrap_putchar
                0x0000000010004770       0xa0 CMakeFiles/radio.dir/home/gtown/develop/pico/pico-sdk/src/rp2_common/pico_stdio/stdio.c.obj
                0x0000000010004770                __wrap_putchar
 .text.__wrap_puts
                0x0000000010004810       0x3c CMakeFiles/radio.dir/home/gtown/develop/pico/pico-sdk/src/rp2_common/pico_stdio/stdio.c.obj
                0x0000000010004810                __wrap_puts
 .text.stdio_set_driver_enabled
                0x000000001000484c       0x30 CMakeFiles/radio.dir/home/gtown/develop/pico/pico-sdk/src/rp2_common/pico_stdio/stdio.c.obj
                0x000000001000484c                stdio_set_driver_enabled
 .text.__wrap_vprintf
                0x000000001000487c       0xd8 CMakeFiles/radio.dir/home/gtown/develop/pico/pico-sdk/src/rp2_common/pico_stdio/stdio.c.obj
                0x000000001000487c                __wrap_vprintf
 .text.__wrap_printf
                0x0000000010004954       0x18 CMakeFiles/radio.dir/home/gtown/develop/pico/pico-sdk/src/rp2_common/pico_stdio/stdio.c.obj
                0x0000000010004954                __wrap_printf
 .text.stdio_init_all
                0x000000001000496c        0x8 CMakeFiles/radio.dir/home/gtown/develop/pico/pico-sdk/src/rp2_common/pico_stdio/stdio.c.obj
                0x000000001000496c                stdio_init_all
 .text.stdio_uart_out_chars
                0x0000000010004974       0x4c CMakeFiles/radio.dir/home/gtown/develop/pico/pico-sdk/src/rp2_common/pico_stdio_uart/stdio_uart.c.obj
 .text.stdio_uart_in_chars
                0x00000000100049c0       0x38 CMakeFiles/radio.dir/home/gtown/develop/pico/pico-sdk/src/rp2_common/pico_stdio_uart/stdio_uart.c.obj
                0x00000000100049c0                stdio_uart_in_chars
 .text.stdio_uart_init
                0x00000000100049f8       0x48 CMakeFiles/radio.dir/home/gtown/develop/pico/pico-sdk/src/rp2_common/pico_stdio_uart/stdio_uart.c.obj
                0x00000000100049f8                stdio_uart_init
 .text.i2c_set_baudrate
                0x0000000010004a40       0xc4 CMakeFiles/radio.dir/home/gtown/develop/pico/pico-sdk/src/rp2_common/hardware_i2c/i2c.c.obj
                0x0000000010004a40                i2c_set_baudrate
 .text.i2c_init
                0x0000000010004b04       0x54 CMakeFiles/radio.dir/home/gtown/develop/pico/pico-sdk/src/rp2_common/hardware_i2c/i2c.c.obj
                0x0000000010004b04                i2c_init
 .text.i2c_write_blocking
                0x0000000010004b58       0xd0 CMakeFiles/radio.dir/home/gtown/develop/pico/pico-sdk/src/rp2_common/hardware_i2c/i2c.c.obj
                0x0000000010004b58                i2c_write_blocking
 .text.i2c_read_blocking
                0x0000000010004c28       0xac CMakeFiles/radio.dir/home/gtown/develop/pico/pico-sdk/src/rp2_common/hardware_i2c/i2c.c.obj
                0x0000000010004c28                i2c_read_blocking
 .text._ZN6SH1106D2Ev
                0x0000000010004cd4        0x4 include/SH1106/libSH1106.a(SH1106.cpp.obj)
                0x0000000010004cd4                SH1106::~SH1106()
                0x0000000010004cd4                SH1106::~SH1106()
 .text._ZN6SH11066renderEPhPNS_11render_areaE
                0x0000000010004cd8      0x174 include/SH1106/libSH1106.a(SH1106.cpp.obj)
                0x0000000010004cd8                SH1106::render(unsigned char*, SH1106::render_area*)
 .text._ZN6SH110612clearDisplayEi
                0x0000000010004e4c       0x3c include/SH1106/libSH1106.a(SH1106.cpp.obj)
                0x0000000010004e4c                SH1106::clearDisplay(int)
 .text._ZN6SH11069init_oledEv
                0x0000000010004e88      0x190 include/SH1106/libSH1106.a(SH1106.cpp.obj)
                0x0000000010004e88                SH1106::init_oled()
 .text._ZN6SH110614setStationNameEPc
                0x0000000010005018       0xa0 include/SH1106/libSH1106.a(SH1106.cpp.obj)
                0x0000000010005018                SH1106::setStationName(char*)
 .text._ZN6SH110610setRDSTextEPc
                0x00000000100050b8       0xac include/SH1106/libSH1106.a(SH1106.cpp.obj)
                0x00000000100050b8                SH1106::setRDSText(char*)
 .text._ZN6SH11067setFreqEPcb
                0x0000000010005164       0xf8 include/SH1106/libSH1106.a(SH1106.cpp.obj)
                0x0000000010005164                SH1106::setFreq(char*, bool)
 .text._ZN6SH110612setStationNrEib
                0x000000001000525c       0xcc include/SH1106/libSH1106.a(SH1106.cpp.obj)
                0x000000001000525c                SH1106::setStationNr(int, bool)
 .text._ZN6SH110612print_staticEv
                0x0000000010005328       0xa8 include/SH1106/libSH1106.a(SH1106.cpp.obj)
                0x0000000010005328                SH1106::print_static()
 .text._ZN6SH1106C2EP8i2c_instiii
                0x00000000100053d0       0xc4 include/SH1106/libSH1106.a(SH1106.cpp.obj)
                0x00000000100053d0                SH1106::SH1106(i2c_inst*, int, int, int)
                0x00000000100053d0                SH1106::SH1106(i2c_inst*, int, int, int)
 .text._ZN6SI47034initEv
                0x0000000010005494      0x14c include/SI4703/libSI4703.a(SI4703.cpp.obj)
                0x0000000010005494                SI4703::init()
 .text._ZN6SI4703C2Ejii
                0x00000000100055e0      0x12c include/SI4703/libSI4703.a(SI4703.cpp.obj)
                0x00000000100055e0                SI4703::SI4703(unsigned int, int, int)
                0x00000000100055e0                SI4703::SI4703(unsigned int, int, int)
 .text._ZN6SI47037get_rdsEb
                0x000000001000570c      0x184 include/SI4703/libSI4703.a(SI4703.cpp.obj)
                0x000000001000570c                SI4703::get_rds(bool)
 .text._ZN6SI47037get_regEv
                0x0000000010005890       0x48 include/SI4703/libSI4703.a(SI4703.cpp.obj)
                0x0000000010005890                SI4703::get_reg()
 .text._ZN6SI47036tuningEt
                0x00000000100058d8       0xf8 include/SI4703/libSI4703.a(SI4703.cpp.obj)
                0x00000000100058d8                SI4703::tuning(unsigned short)
 .text._ZN6SI47037seekingEb
                0x00000000100059d0       0xf0 include/SI4703/libSI4703.a(SI4703.cpp.obj)
                0x00000000100059d0                SI4703::seeking(bool)
 .text._ZN6SI47038seekModeEb
                0x0000000010005ac0       0x34 include/SI4703/libSI4703.a(SI4703.cpp.obj)
                0x0000000010005ac0                SI4703::seekMode(bool)
 .text.__cxa_guard_acquire
                0x0000000010005af4       0x38 /usr/lib/gcc/arm-none-eabi/10.3.1/../../../arm-none-eabi/lib/thumb/v6-m/nofp/libstdc++.a(guard.o)
                0x0000000010005af4                __cxa_guard_acquire
 .text.__cxa_guard_release
                0x0000000010005b2c        0x8 /usr/lib/gcc/arm-none-eabi/10.3.1/../../../arm-none-eabi/lib/thumb/v6-m/nofp/libstdc++.a(guard.o)
                0x0000000010005b2c                __cxa_guard_release
 .text._ZN9__gnu_cxx20recursive_init_errorD2Ev
                0x0000000010005b34       0x18 /usr/lib/gcc/arm-none-eabi/10.3.1/../../../arm-none-eabi/lib/thumb/v6-m/nofp/libstdc++.a(guard_error.o)
                0x0000000010005b34                __gnu_cxx::recursive_init_error::~recursive_init_error()
                0x0000000010005b34                __gnu_cxx::recursive_init_error::~recursive_init_error()
 .text._ZN9__gnu_cxx20recursive_init_errorD0Ev
                0x0000000010005b4c       0x20 /usr/lib/gcc/arm-none-eabi/10.3.1/../../../arm-none-eabi/lib/thumb/v6-m/nofp/libstdc++.a(guard_error.o)
                0x0000000010005b4c                __gnu_cxx::recursive_init_error::~recursive_init_error()
 .text._ZN9__gnu_cxx20recursive_init_errorC2Ev
                0x0000000010005b6c        0xc /usr/lib/gcc/arm-none-eabi/10.3.1/../../../arm-none-eabi/lib/thumb/v6-m/nofp/libstdc++.a(guard_error.o)
                0x0000000010005b6c                __gnu_cxx::recursive_init_error::recursive_init_error()
                0x0000000010005b6c                __gnu_cxx::recursive_init_error::recursive_init_error()
 .text._ZN10__cxxabiv120__si_class_type_infoD2Ev
                0x0000000010005b78       0x18 /usr/lib/gcc/arm-none-eabi/10.3.1/../../../arm-none-eabi/lib/thumb/v6-m/nofp/libstdc++.a(si_class_type_info.o)
                0x0000000010005b78                __cxxabiv1::__si_class_type_info::~__si_class_type_info()
                0x0000000010005b78                __cxxabiv1::__si_class_type_info::~__si_class_type_info()
 .text._ZN10__cxxabiv120__si_class_type_infoD0Ev
                0x0000000010005b90       0x20 /usr/lib/gcc/arm-none-eabi/10.3.1/../../../arm-none-eabi/lib/thumb/v6-m/nofp/libstdc++.a(si_class_type_info.o)
                0x0000000010005b90                __cxxabiv1::__si_class_type_info::~__si_class_type_info()
 .text._ZNK10__cxxabiv120__si_class_type_info20__do_find_public_srcEiPKvPKNS_17__class_type_infoES2_
                0x0000000010005bb0       0x38 /usr/lib/gcc/arm-none-eabi/10.3.1/../../../arm-none-eabi/lib/thumb/v6-m/nofp/libstdc++.a(si_class_type_info.o)
                0x0000000010005bb0                __cxxabiv1::__si_class_type_info::__do_find_public_src(int, void const*, __cxxabiv1::__class_type_info const*, void const*) const
 .text._ZNK10__cxxabiv120__si_class_type_info12__do_dyncastEiNS_17__class_type_info10__sub_kindEPKS1_PKvS4_S6_RNS1_16__dyncast_resultE
                0x0000000010005be8       0x9c /usr/lib/gcc/arm-none-eabi/10.3.1/../../../arm-none-eabi/lib/thumb/v6-m/nofp/libstdc++.a(si_class_type_info.o)
                0x0000000010005be8                __cxxabiv1::__si_class_type_info::__do_dyncast(int, __cxxabiv1::__class_type_info::__sub_kind, __cxxabiv1::__class_type_info const*, void const*, __cxxabiv1::__class_type_info const*, void const*, __cxxabiv1::__class_type_info::__dyncast_result&) const
 .text._ZNK10__cxxabiv120__si_class_type_info11__do_upcastEPKNS_17__class_type_infoEPKvRNS1_15__upcast_resultE
                0x0000000010005c84       0x24 /usr/lib/gcc/arm-none-eabi/10.3.1/../../../arm-none-eabi/lib/thumb/v6-m/nofp/libstdc++.a(si_class_type_info.o)
                0x0000000010005c84                __cxxabiv1::__si_class_type_info::__do_upcast(__cxxabiv1::__class_type_info const*, void const*, __cxxabiv1::__class_type_info::__upcast_result&) const
 .text._ZNSt9type_infoD2Ev
                0x0000000010005ca8        0x4 /usr/lib/gcc/arm-none-eabi/10.3.1/../../../arm-none-eabi/lib/thumb/v6-m/nofp/libstdc++.a(tinfo.o)
                0x0000000010005ca8                std::type_info::~type_info()
                0x0000000010005ca8                std::type_info::~type_info()
 .text._ZNKSt9type_info14__is_pointer_pEv
                0x0000000010005cac        0x4 /usr/lib/gcc/arm-none-eabi/10.3.1/../../../arm-none-eabi/lib/thumb/v6-m/nofp/libstdc++.a(tinfo.o)
                0x0000000010005cac                std::type_info::__is_function_p() const
                0x0000000010005cac                std::type_info::__is_pointer_p() const
 .text._ZNKSt9type_infoeqERKS_
                0x0000000010005cb0       0x30 /usr/lib/gcc/arm-none-eabi/10.3.1/../../../arm-none-eabi/lib/thumb/v6-m/nofp/libstdc++.a(tinfo.o)
                0x0000000010005cb0                std::type_info::operator==(std::type_info const&) const
 .text._ZNK10__cxxabiv117__class_type_info11__do_upcastEPKS0_PPv
                0x0000000010005ce0       0x34 /usr/lib/gcc/arm-none-eabi/10.3.1/../../../arm-none-eabi/lib/thumb/v6-m/nofp/libstdc++.a(class_type_info.o)
                0x0000000010005ce0                __cxxabiv1::__class_type_info::__do_upcast(__cxxabiv1::__class_type_info const*, void**) const
 .text._ZNK10__cxxabiv117__class_type_info20__do_find_public_srcEiPKvPKS0_S2_
                0x0000000010005d14       0x14 /usr/lib/gcc/arm-none-eabi/10.3.1/../../../arm-none-eabi/lib/thumb/v6-m/nofp/libstdc++.a(class_type_info.o)
                0x0000000010005d14                __cxxabiv1::__class_type_info::__do_find_public_src(int, void const*, __cxxabiv1::__class_type_info const*, void const*) const
 .text._ZN10__cxxabiv117__class_type_infoD2Ev
                0x0000000010005d28       0x18 /usr/lib/gcc/arm-none-eabi/10.3.1/../../../arm-none-eabi/lib/thumb/v6-m/nofp/libstdc++.a(class_type_info.o)
                0x0000000010005d28                __cxxabiv1::__class_type_info::~__class_type_info()
                0x0000000010005d28                __cxxabiv1::__class_type_info::~__class_type_info()
 .text._ZN10__cxxabiv117__class_type_infoD0Ev
                0x0000000010005d40       0x20 /usr/lib/gcc/arm-none-eabi/10.3.1/../../../arm-none-eabi/lib/thumb/v6-m/nofp/libstdc++.a(class_type_info.o)
                0x0000000010005d40                __cxxabiv1::__class_type_info::~__class_type_info()
 .text._ZNK10__cxxabiv117__class_type_info12__do_dyncastEiNS0_10__sub_kindEPKS0_PKvS3_S5_RNS0_16__dyncast_resultE
                0x0000000010005d60       0x40 /usr/lib/gcc/arm-none-eabi/10.3.1/../../../arm-none-eabi/lib/thumb/v6-m/nofp/libstdc++.a(class_type_info.o)
                0x0000000010005d60                __cxxabiv1::__class_type_info::__do_dyncast(int, __cxxabiv1::__class_type_info::__sub_kind, __cxxabiv1::__class_type_info const*, void const*, __cxxabiv1::__class_type_info const*, void const*, __cxxabiv1::__class_type_info::__dyncast_result&) const
 .text._ZNK10__cxxabiv117__class_type_info11__do_upcastEPKS0_PKvRNS0_15__upcast_resultE
                0x0000000010005da0       0x1c /usr/lib/gcc/arm-none-eabi/10.3.1/../../../arm-none-eabi/lib/thumb/v6-m/nofp/libstdc++.a(class_type_info.o)
                0x0000000010005da0                __cxxabiv1::__class_type_info::__do_upcast(__cxxabiv1::__class_type_info const*, void const*, __cxxabiv1::__class_type_info::__upcast_result&) const
 .text._ZNK10__cxxabiv117__class_type_info10__do_catchEPKSt9type_infoPPvj
                0x0000000010005dbc       0x24 /usr/lib/gcc/arm-none-eabi/10.3.1/../../../arm-none-eabi/lib/thumb/v6-m/nofp/libstdc++.a(class_type_info.o)
                0x0000000010005dbc                __cxxabiv1::__class_type_info::__do_catch(std::type_info const*, void**, unsigned int) const
 .text._ZN12_GLOBAL__N_14pool4freeEPv.constprop.0
                0x0000000010005de0       0x78 /usr/lib/gcc/arm-none-eabi/10.3.1/../../../arm-none-eabi/lib/thumb/v6-m/nofp/libstdc++.a(eh_alloc.o)
 .text._ZN12_GLOBAL__N_14pool8allocateEj.constprop.0
                0x0000000010005e58       0x54 /usr/lib/gcc/arm-none-eabi/10.3.1/../../../arm-none-eabi/lib/thumb/v6-m/nofp/libstdc++.a(eh_alloc.o)
 .text.__cxa_allocate_exception
                0x0000000010005eac       0x2c /usr/lib/gcc/arm-none-eabi/10.3.1/../../../arm-none-eabi/lib/thumb/v6-m/nofp/libstdc++.a(eh_alloc.o)
                0x0000000010005eac                __cxa_allocate_exception
 .text.__cxa_free_exception
                0x0000000010005ed8       0x24 /usr/lib/gcc/arm-none-eabi/10.3.1/../../../arm-none-eabi/lib/thumb/v6-m/nofp/libstdc++.a(eh_alloc.o)
                0x0000000010005ed8                __cxa_free_exception
 .text.startup._GLOBAL__sub_I__ZN9__gnu_cxx9__freeresEv
                0x0000000010005efc       0x2c /usr/lib/gcc/arm-none-eabi/10.3.1/../../../arm-none-eabi/lib/thumb/v6-m/nofp/libstdc++.a(eh_alloc.o)
 .text._ZNSt9exceptionD2Ev
                0x0000000010005f28        0x4 /usr/lib/gcc/arm-none-eabi/10.3.1/../../../arm-none-eabi/lib/thumb/v6-m/nofp/libstdc++.a(eh_exception.o)
                0x0000000010005f28                std::exception::~exception()
                0x0000000010005f28                std::exception::~exception()
 .text._ZNSt13bad_exceptionD2Ev
                0x0000000010005f2c        0x4 /usr/lib/gcc/arm-none-eabi/10.3.1/../../../arm-none-eabi/lib/thumb/v6-m/nofp/libstdc++.a(eh_exception.o)
                0x0000000010005f2c                std::bad_exception::~bad_exception()
                0x0000000010005f2c                std::bad_exception::~bad_exception()
 .text._ZNKSt9exception4whatEv
                0x0000000010005f30        0x8 /usr/lib/gcc/arm-none-eabi/10.3.1/../../../arm-none-eabi/lib/thumb/v6-m/nofp/libstdc++.a(eh_exception.o)
                0x0000000010005f30                transaction clone for std::exception::what() const
                0x0000000010005f30                std::exception::what() const
 .text._ZNKSt13bad_exception4whatEv
                0x0000000010005f38        0x8 /usr/lib/gcc/arm-none-eabi/10.3.1/../../../arm-none-eabi/lib/thumb/v6-m/nofp/libstdc++.a(eh_exception.o)
                0x0000000010005f38                transaction clone for std::bad_exception::what() const
                0x0000000010005f38                std::bad_exception::what() const
 .text._ZNSt13bad_exceptionD0Ev
                0x0000000010005f40       0x10 /usr/lib/gcc/arm-none-eabi/10.3.1/../../../arm-none-eabi/lib/thumb/v6-m/nofp/libstdc++.a(eh_exception.o)
                0x0000000010005f40                std::bad_exception::~bad_exception()
 .text._ZN10__cxxabiv111__terminateEPFvvE
                0x0000000010005f50       0x28 /usr/lib/gcc/arm-none-eabi/10.3.1/../../../arm-none-eabi/lib/thumb/v6-m/nofp/libstdc++.a(eh_terminate.o)
                0x0000000010005f50                __cxxabiv1::__terminate(void (*)())
 .text._ZSt9terminatev
                0x0000000010005f78       0x10 /usr/lib/gcc/arm-none-eabi/10.3.1/../../../arm-none-eabi/lib/thumb/v6-m/nofp/libstdc++.a(eh_terminate.o)
                0x0000000010005f78                std::terminate()
 .text._ZN10__cxxabiv112__unexpectedEPFvvE
                0x0000000010005f88        0x8 /usr/lib/gcc/arm-none-eabi/10.3.1/../../../arm-none-eabi/lib/thumb/v6-m/nofp/libstdc++.a(eh_terminate.o)
                0x0000000010005f88                __cxxabiv1::__unexpected(void (*)())
 .text._ZSt10unexpectedv
                0x0000000010005f90       0x10 /usr/lib/gcc/arm-none-eabi/10.3.1/../../../arm-none-eabi/lib/thumb/v6-m/nofp/libstdc++.a(eh_terminate.o)
                0x0000000010005f90                std::unexpected()
 .text._ZSt13get_terminatev
                0x0000000010005fa0        0xc /usr/lib/gcc/arm-none-eabi/10.3.1/../../../arm-none-eabi/lib/thumb/v6-m/nofp/libstdc++.a(eh_terminate.o)
                0x0000000010005fa0                std::get_terminate()
 .text._ZSt14get_unexpectedv
                0x0000000010005fac        0xc /usr/lib/gcc/arm-none-eabi/10.3.1/../../../arm-none-eabi/lib/thumb/v6-m/nofp/libstdc++.a(eh_terminate.o)
                0x0000000010005fac                std::get_unexpected()
 .text._ZL23__gxx_exception_cleanup19_Unwind_Reason_CodeP21_Unwind_Control_Block
                0x0000000010005fb8       0x34 /usr/lib/gcc/arm-none-eabi/10.3.1/../../../arm-none-eabi/lib/thumb/v6-m/nofp/libstdc++.a(eh_throw.o)
 .text.__cxa_init_primary_exception
                0x0000000010005fec       0x4c /usr/lib/gcc/arm-none-eabi/10.3.1/../../../arm-none-eabi/lib/thumb/v6-m/nofp/libstdc++.a(eh_throw.o)
                0x0000000010005fec                __cxa_init_primary_exception
 .text.__cxa_throw
                0x0000000010006038       0x34 /usr/lib/gcc/arm-none-eabi/10.3.1/../../../arm-none-eabi/lib/thumb/v6-m/nofp/libstdc++.a(eh_throw.o)
                0x0000000010006038                __cxa_throw
 .text.__cxa_rethrow
                0x000000001000606c       0x70 /usr/lib/gcc/arm-none-eabi/10.3.1/../../../arm-none-eabi/lib/thumb/v6-m/nofp/libstdc++.a(eh_throw.o)
                0x000000001000606c                __cxa_rethrow
 .text.__cxa_end_cleanup
                0x00000000100060dc        0xc /usr/lib/gcc/arm-none-eabi/10.3.1/../../../arm-none-eabi/lib/thumb/v6-m/nofp/libstdc++.a(eh_arm.o)
                0x00000000100060dc                __cxa_end_cleanup
 .text.__cxa_type_match
                0x00000000100060e8       0xc0 /usr/lib/gcc/arm-none-eabi/10.3.1/../../../arm-none-eabi/lib/thumb/v6-m/nofp/libstdc++.a(eh_arm.o)
                0x00000000100060e8                __cxa_type_match
 .text.__cxa_begin_cleanup
                0x00000000100061a8       0x60 /usr/lib/gcc/arm-none-eabi/10.3.1/../../../arm-none-eabi/lib/thumb/v6-m/nofp/libstdc++.a(eh_arm.o)
                0x00000000100061a8                __cxa_begin_cleanup
 .text.__gnu_end_cleanup
                0x0000000010006208       0x70 /usr/lib/gcc/arm-none-eabi/10.3.1/../../../arm-none-eabi/lib/thumb/v6-m/nofp/libstdc++.a(eh_arm.o)
                0x0000000010006208                __gnu_end_cleanup
 .text._ZN10__cxxabiv1L24__is_gxx_exception_classEPc
                0x0000000010006278       0x3c /usr/lib/gcc/arm-none-eabi/10.3.1/../../../arm-none-eabi/lib/thumb/v6-m/nofp/libstdc++.a(eh_call.o)
 .text.__cxa_call_terminate
                0x00000000100062b4       0x20 /usr/lib/gcc/arm-none-eabi/10.3.1/../../../arm-none-eabi/lib/thumb/v6-m/nofp/libstdc++.a(eh_call.o)
                0x00000000100062b4                __cxa_call_terminate
 .text.unlikely.__cxa_call_unexpected
                0x00000000100062d4      0x100 /usr/lib/gcc/arm-none-eabi/10.3.1/../../../arm-none-eabi/lib/thumb/v6-m/nofp/libstdc++.a(eh_call.o)
                0x00000000100062d4                __cxa_call_unexpected
 .text.__cxa_begin_catch
                0x00000000100063d4       0x74 /usr/lib/gcc/arm-none-eabi/10.3.1/../../../arm-none-eabi/lib/thumb/v6-m/nofp/libstdc++.a(eh_catch.o)
                0x00000000100063d4                __cxa_begin_catch
 .text.__cxa_end_catch
                0x0000000010006448       0x90 /usr/lib/gcc/arm-none-eabi/10.3.1/../../../arm-none-eabi/lib/thumb/v6-m/nofp/libstdc++.a(eh_catch.o)
                0x0000000010006448                __cxa_end_catch
 .text.__cxa_get_globals_fast
                0x00000000100064d8        0x8 /usr/lib/gcc/arm-none-eabi/10.3.1/../../../arm-none-eabi/lib/thumb/v6-m/nofp/libstdc++.a(eh_globals.o)
                0x00000000100064d8                __cxa_get_globals_fast
 .text.__cxa_get_globals
                0x00000000100064e0        0x8 /usr/lib/gcc/arm-none-eabi/10.3.1/../../../arm-none-eabi/lib/thumb/v6-m/nofp/libstdc++.a(eh_globals.o)
                0x00000000100064e0                __cxa_get_globals
 .text._ZL28read_encoded_value_with_basehjPKhPj
                0x00000000100064e8      0x114 /usr/lib/gcc/arm-none-eabi/10.3.1/../../../arm-none-eabi/lib/thumb/v6-m/nofp/libstdc++.a(eh_personality.o)
 .text._ZL21base_of_encoded_valuehP15_Unwind_Context
                0x00000000100065fc       0x48 /usr/lib/gcc/arm-none-eabi/10.3.1/../../../arm-none-eabi/lib/thumb/v6-m/nofp/libstdc++.a(eh_personality.o)
 .text._ZL17parse_lsda_headerP15_Unwind_ContextPKhP16lsda_header_info
                0x0000000010006644       0x98 /usr/lib/gcc/arm-none-eabi/10.3.1/../../../arm-none-eabi/lib/thumb/v6-m/nofp/libstdc++.a(eh_personality.o)
 .text.__gxx_personality_v0
                0x00000000100066dc      0x4c8 /usr/lib/gcc/arm-none-eabi/10.3.1/../../../arm-none-eabi/lib/thumb/v6-m/nofp/libstdc++.a(eh_personality.o)
                0x00000000100066dc                __gxx_personality_v0
 .text          0x0000000010006ba4       0x10 /usr/lib/gcc/arm-none-eabi/10.3.1/../../../arm-none-eabi/lib/thumb/v6-m/nofp/libc.a(lib_a-abort.o)
                0x0000000010006ba4                abort
 .text          0x0000000010006bb4       0x10 /usr/lib/gcc/arm-none-eabi/10.3.1/../../../arm-none-eabi/lib/thumb/v6-m/nofp/libc.a(lib_a-atexit.o)
                0x0000000010006bb4                atexit
 .text          0x0000000010006bc4       0x28 /usr/lib/gcc/arm-none-eabi/10.3.1/../../../arm-none-eabi/lib/thumb/v6-m/nofp/libc.a(lib_a-malloc.o)
                0x0000000010006bc4                malloc
                0x0000000010006bd8                free
 .text          0x0000000010006bec      0x574 /usr/lib/gcc/arm-none-eabi/10.3.1/../../../arm-none-eabi/lib/thumb/v6-m/nofp/libc.a(lib_a-mallocr.o)
                0x0000000010006bec                _malloc_r
 .text          0x0000000010007160        0x8 /usr/lib/gcc/arm-none-eabi/10.3.1/../../../arm-none-eabi/lib/thumb/v6-m/nofp/libc.a(lib_a-mlock.o)
                0x0000000010007160                __malloc_lock
                0x0000000010007164                __malloc_unlock
 .text          0x0000000010007168       0x24 /usr/lib/gcc/arm-none-eabi/10.3.1/../../../arm-none-eabi/lib/thumb/v6-m/nofp/libc.a(lib_a-sbrkr.o)
                0x0000000010007168                _sbrk_r
 .text          0x000000001000718c      0x2a0 /usr/lib/gcc/arm-none-eabi/10.3.1/../../../arm-none-eabi/lib/thumb/v6-m/nofp/libc.a(lib_a-signal.o)
                0x000000001000718c                _init_signal_r
                0x00000000100071c0                _signal_r
                0x0000000010007218                _raise_r
                0x0000000010007274                __sigtramp_r
                0x00000000100072d4                raise
                0x0000000010007334                signal
                0x0000000010007388                _init_signal
                0x00000000100073c4                __sigtramp
 .text          0x000000001000742c       0x30 /usr/lib/gcc/arm-none-eabi/10.3.1/../../../arm-none-eabi/lib/thumb/v6-m/nofp/libc.a(lib_a-signalr.o)
                0x000000001000742c                _kill_r
                0x0000000010007454                _getpid_r
 .text          0x000000001000745c       0x88 /usr/lib/gcc/arm-none-eabi/10.3.1/../../../arm-none-eabi/lib/thumb/v6-m/nofp/libc.a(lib_a-strcmp.o)
                0x000000001000745c                strcmp
 .text          0x00000000100074e4       0x10 /usr/lib/gcc/arm-none-eabi/10.3.1/../../../arm-none-eabi/lib/thumb/v6-m/nofp/libc.a(lib_a-strcpy.o)
                0x00000000100074e4                strcpy
 .text          0x00000000100074f4       0x5c /usr/lib/gcc/arm-none-eabi/10.3.1/../../../arm-none-eabi/lib/thumb/v6-m/nofp/libc.a(lib_a-strlen-stub.o)
                0x00000000100074f4                strlen
 .text          0x0000000010007550       0x88 /usr/lib/gcc/arm-none-eabi/10.3.1/../../../arm-none-eabi/lib/thumb/v6-m/nofp/libc.a(lib_a-__atexit.o)
                0x0000000010007550                __register_exitproc
 .text          0x00000000100075d8      0x260 /usr/lib/gcc/arm-none-eabi/10.3.1/../../../arm-none-eabi/lib/thumb/v6-m/nofp/libc.a(lib_a-freer.o)
                0x00000000100075d8                _malloc_trim_r
                0x0000000010007674                _free_r
 .text          0x0000000010007838       0x10 /usr/lib/gcc/arm-none-eabi/10.3.1/../../../arm-none-eabi/lib/thumb/v6-m/nofp/libnosys.a(getpid.o)
                0x0000000010007838                _getpid
 .text          0x0000000010007848       0x10 /usr/lib/gcc/arm-none-eabi/10.3.1/../../../arm-none-eabi/lib/thumb/v6-m/nofp/libnosys.a(kill.o)
                0x0000000010007848                _kill
 *(.fini)
 .fini          0x0000000010007858        0x4 /usr/lib/gcc/arm-none-eabi/10.3.1/thumb/v6-m/nofp/crti.o
                0x0000000010007858                _fini
 *fill*         0x000000001000785c        0x4 
 .fini.__stub   0x0000000010007860      0x130 linker stubs
 *crtbegin.o(.ctors)
 *crtbegin?.o(.ctors)
 *(EXCLUDE_FILE(*crtend.o *crtend?.o) .ctors)
 *(SORT_BY_NAME(.ctors.*))
 *(.ctors)
 *crtbegin.o(.dtors)
 *crtbegin?.o(.dtors)
 *(EXCLUDE_FILE(*crtend.o *crtend?.o) .dtors)
 *(SORT_BY_NAME(.dtors.*))
 *(.dtors)
 *(.eh_frame*)
 .eh_frame      0x0000000010007990        0x0 /usr/lib/gcc/arm-none-eabi/10.3.1/thumb/v6-m/nofp/crtbegin.o
                0x0000000010007990                . = ALIGN (0x4)

.glue_7         0x0000000010007990        0x0
 .glue_7        0x0000000010007990        0x0 linker stubs

.glue_7t        0x0000000010007990        0x0
 .glue_7t       0x0000000010007990        0x0 linker stubs

.vfp11_veneer   0x0000000010007990        0x0
 .vfp11_veneer  0x0000000010007990        0x0 linker stubs

.v4_bx          0x0000000010007990        0x0
 .v4_bx         0x0000000010007990        0x0 linker stubs

.iplt           0x0000000010007990        0x0
 .iplt          0x0000000010007990        0x0 /usr/lib/gcc/arm-none-eabi/10.3.1/thumb/v6-m/nofp/crtbegin.o

.rodata         0x0000000010007990      0x5b4
 *(EXCLUDE_FILE(*libm.a: *libc.a:*lib_a-mem*.o *libgcc.a:) .rodata*)
 .rodata.main.str1.4
                0x0000000010007990       0x4b CMakeFiles/radio.dir/radio.cpp.obj
 *fill*         0x00000000100079db        0x1 
 .rodata.hardware_alarm_claim.str1.4
                0x00000000100079dc       0x22 CMakeFiles/radio.dir/home/gtown/develop/pico/pico-sdk/src/rp2_common/hardware_timer/timer.c.obj
 *fill*         0x00000000100079fe        0x2 
 .rodata.panic.str1.4
                0x0000000010007a00       0x12 CMakeFiles/radio.dir/home/gtown/develop/pico/pico-sdk/src/rp2_common/pico_runtime/runtime.c.obj
 *fill*         0x0000000010007a12        0x2 
 .rodata.hard_assertion_failure.str1.4
                0x0000000010007a14        0xc CMakeFiles/radio.dir/home/gtown/develop/pico/pico-sdk/src/rp2_common/pico_runtime/runtime.c.obj
 .rodata._ftoa.str1.4
                0x0000000010007a20       0x15 CMakeFiles/radio.dir/home/gtown/develop/pico/pico-sdk/src/rp2_common/pico_printf/printf.c.obj
 *fill*         0x0000000010007a35        0x3 
 .rodata._vsnprintf
                0x0000000010007a38      0x1e0 CMakeFiles/radio.dir/home/gtown/develop/pico/pico-sdk/src/rp2_common/pico_printf/printf.c.obj
 .rodata.pow10.0
                0x0000000010007c18       0x50 CMakeFiles/radio.dir/home/gtown/develop/pico/pico-sdk/src/rp2_common/pico_printf/printf.c.obj
 .rodata.__wrap_malloc.str1.4
                0x0000000010007c68        0xe CMakeFiles/radio.dir/home/gtown/develop/pico/pico-sdk/src/rp2_common/pico_malloc/pico_malloc.c.obj
 *fill*         0x0000000010007c76        0x2 
 .rodata.str1.4
                0x0000000010007c78       0x34 CMakeFiles/radio.dir/home/gtown/develop/pico/pico-sdk/src/rp2_common/pico_standard_link/binary_info.c.obj
 .rodata.__bi_44
                0x0000000010007cac        0xc CMakeFiles/radio.dir/home/gtown/develop/pico/pico-sdk/src/rp2_common/pico_standard_link/binary_info.c.obj
 .rodata.__bi_75
                0x0000000010007cb8        0xc CMakeFiles/radio.dir/home/gtown/develop/pico/pico-sdk/src/rp2_common/pico_standard_link/binary_info.c.obj
 .rodata.__bi_81
                0x0000000010007cc4        0xc CMakeFiles/radio.dir/home/gtown/develop/pico/pico-sdk/src/rp2_common/pico_standard_link/binary_info.c.obj
 .rodata.crlf_str.0
                0x0000000010007cd0        0x2 CMakeFiles/radio.dir/home/gtown/develop/pico/pico-sdk/src/rp2_common/pico_stdio/stdio.c.obj
 *fill*         0x0000000010007cd2        0x2 
 .rodata.str1.4
                0x0000000010007cd4       0x2c CMakeFiles/radio.dir/home/gtown/develop/pico/pico-sdk/src/rp2_common/pico_stdio_uart/stdio_uart.c.obj
 .rodata.__bi_28.4
                0x0000000010007d00        0xc CMakeFiles/radio.dir/home/gtown/develop/pico/pico-sdk/src/rp2_common/pico_stdio_uart/stdio_uart.c.obj
 .rodata.__bi_29.5
                0x0000000010007d0c        0x8 CMakeFiles/radio.dir/home/gtown/develop/pico/pico-sdk/src/rp2_common/pico_stdio_uart/stdio_uart.c.obj
 .rodata._ZN6SH110612setStationNrEib.str1.4
                0x0000000010007d14        0x3 include/SH1106/libSH1106.a(SH1106.cpp.obj)
 *fill*         0x0000000010007d17        0x1 
 .rodata._ZN6SI4703C2Ejii.str1.4
                0x0000000010007d18       0x15 include/SI4703/libSI4703.a(SI4703.cpp.obj)
 *fill*         0x0000000010007d2d        0x3 
 .rodata._ZTIN9__gnu_cxx20recursive_init_errorE
                0x0000000010007d30        0xc /usr/lib/gcc/arm-none-eabi/10.3.1/../../../arm-none-eabi/lib/thumb/v6-m/nofp/libstdc++.a(guard_error.o)
                0x0000000010007d30                typeinfo for __gnu_cxx::recursive_init_error
 .rodata._ZTSN9__gnu_cxx20recursive_init_errorE
                0x0000000010007d3c       0x23 /usr/lib/gcc/arm-none-eabi/10.3.1/../../../arm-none-eabi/lib/thumb/v6-m/nofp/libstdc++.a(guard_error.o)
                0x0000000010007d3c                typeinfo name for __gnu_cxx::recursive_init_error
 *fill*         0x0000000010007d5f        0x1 
 .rodata._ZTVN9__gnu_cxx20recursive_init_errorE
                0x0000000010007d60       0x14 /usr/lib/gcc/arm-none-eabi/10.3.1/../../../arm-none-eabi/lib/thumb/v6-m/nofp/libstdc++.a(guard_error.o)
                0x0000000010007d60                vtable for __gnu_cxx::recursive_init_error
 .rodata._ZTIN10__cxxabiv120__si_class_type_infoE
                0x0000000010007d74        0xc /usr/lib/gcc/arm-none-eabi/10.3.1/../../../arm-none-eabi/lib/thumb/v6-m/nofp/libstdc++.a(si_class_type_info.o)
                0x0000000010007d74                typeinfo for __cxxabiv1::__si_class_type_info
 .rodata._ZTSN10__cxxabiv120__si_class_type_infoE
                0x0000000010007d80       0x25 /usr/lib/gcc/arm-none-eabi/10.3.1/../../../arm-none-eabi/lib/thumb/v6-m/nofp/libstdc++.a(si_class_type_info.o)
                0x0000000010007d80                typeinfo name for __cxxabiv1::__si_class_type_info
 *fill*         0x0000000010007da5        0x3 
 .rodata._ZTVN10__cxxabiv120__si_class_type_infoE
                0x0000000010007da8       0x2c /usr/lib/gcc/arm-none-eabi/10.3.1/../../../arm-none-eabi/lib/thumb/v6-m/nofp/libstdc++.a(si_class_type_info.o)
                0x0000000010007da8                vtable for __cxxabiv1::__si_class_type_info
 .rodata._ZTISt9type_info
                0x0000000010007dd4        0x8 /usr/lib/gcc/arm-none-eabi/10.3.1/../../../arm-none-eabi/lib/thumb/v6-m/nofp/libstdc++.a(tinfo.o)
                0x0000000010007dd4                typeinfo for std::type_info
 .rodata._ZTSSt9type_info
                0x0000000010007ddc        0xd /usr/lib/gcc/arm-none-eabi/10.3.1/../../../arm-none-eabi/lib/thumb/v6-m/nofp/libstdc++.a(tinfo.o)
                0x0000000010007ddc                typeinfo name for std::type_info
 *fill*         0x0000000010007de9        0x3 
 .rodata._ZTIN10__cxxabiv117__class_type_infoE
                0x0000000010007dec        0xc /usr/lib/gcc/arm-none-eabi/10.3.1/../../../arm-none-eabi/lib/thumb/v6-m/nofp/libstdc++.a(class_type_info.o)
                0x0000000010007dec                typeinfo for __cxxabiv1::__class_type_info
 .rodata._ZTSN10__cxxabiv117__class_type_infoE
                0x0000000010007df8       0x22 /usr/lib/gcc/arm-none-eabi/10.3.1/../../../arm-none-eabi/lib/thumb/v6-m/nofp/libstdc++.a(class_type_info.o)
                0x0000000010007df8                typeinfo name for __cxxabiv1::__class_type_info
 *fill*         0x0000000010007e1a        0x2 
 .rodata._ZTVN10__cxxabiv117__class_type_infoE
                0x0000000010007e1c       0x2c /usr/lib/gcc/arm-none-eabi/10.3.1/../../../arm-none-eabi/lib/thumb/v6-m/nofp/libstdc++.a(class_type_info.o)
                0x0000000010007e1c                vtable for __cxxabiv1::__class_type_info
 .rodata._ZNKSt9exception4whatEv.str1.4
                0x0000000010007e48        0xf /usr/lib/gcc/arm-none-eabi/10.3.1/../../../arm-none-eabi/lib/thumb/v6-m/nofp/libstdc++.a(eh_exception.o)
 *fill*         0x0000000010007e57        0x1 
 .rodata._ZNKSt13bad_exception4whatEv.str1.4
                0x0000000010007e58       0x13 /usr/lib/gcc/arm-none-eabi/10.3.1/../../../arm-none-eabi/lib/thumb/v6-m/nofp/libstdc++.a(eh_exception.o)
 *fill*         0x0000000010007e6b        0x1 
 .rodata._ZTIN10__cxxabiv115__forced_unwindE
                0x0000000010007e6c        0x8 /usr/lib/gcc/arm-none-eabi/10.3.1/../../../arm-none-eabi/lib/thumb/v6-m/nofp/libstdc++.a(eh_exception.o)
                0x0000000010007e6c                typeinfo for __cxxabiv1::__forced_unwind
 .rodata._ZTIN10__cxxabiv119__foreign_exceptionE
                0x0000000010007e74        0x8 /usr/lib/gcc/arm-none-eabi/10.3.1/../../../arm-none-eabi/lib/thumb/v6-m/nofp/libstdc++.a(eh_exception.o)
                0x0000000010007e74                typeinfo for __cxxabiv1::__foreign_exception
 .rodata._ZTISt13bad_exception
                0x0000000010007e7c        0xc /usr/lib/gcc/arm-none-eabi/10.3.1/../../../arm-none-eabi/lib/thumb/v6-m/nofp/libstdc++.a(eh_exception.o)
                0x0000000010007e7c                typeinfo for std::bad_exception
 .rodata._ZTISt9exception
                0x0000000010007e88        0x8 /usr/lib/gcc/arm-none-eabi/10.3.1/../../../arm-none-eabi/lib/thumb/v6-m/nofp/libstdc++.a(eh_exception.o)
                0x0000000010007e88                typeinfo for std::exception
 .rodata._ZTSN10__cxxabiv115__forced_unwindE
                0x0000000010007e90       0x20 /usr/lib/gcc/arm-none-eabi/10.3.1/../../../arm-none-eabi/lib/thumb/v6-m/nofp/libstdc++.a(eh_exception.o)
                0x0000000010007e90                typeinfo name for __cxxabiv1::__forced_unwind
 .rodata._ZTSN10__cxxabiv119__foreign_exceptionE
                0x0000000010007eb0       0x24 /usr/lib/gcc/arm-none-eabi/10.3.1/../../../arm-none-eabi/lib/thumb/v6-m/nofp/libstdc++.a(eh_exception.o)
                0x0000000010007eb0                typeinfo name for __cxxabiv1::__foreign_exception
 .rodata._ZTSSt13bad_exception
                0x0000000010007ed4       0x12 /usr/lib/gcc/arm-none-eabi/10.3.1/../../../arm-none-eabi/lib/thumb/v6-m/nofp/libstdc++.a(eh_exception.o)
                0x0000000010007ed4                typeinfo name for std::bad_exception
 *fill*         0x0000000010007ee6        0x2 
 .rodata._ZTSSt9exception
                0x0000000010007ee8        0xd /usr/lib/gcc/arm-none-eabi/10.3.1/../../../arm-none-eabi/lib/thumb/v6-m/nofp/libstdc++.a(eh_exception.o)
                0x0000000010007ee8                typeinfo name for std::exception
 *fill*         0x0000000010007ef5        0x3 
 .rodata._ZTVSt13bad_exception
                0x0000000010007ef8       0x14 /usr/lib/gcc/arm-none-eabi/10.3.1/../../../arm-none-eabi/lib/thumb/v6-m/nofp/libstdc++.a(eh_exception.o)
                0x0000000010007ef8                vtable for std::bad_exception
 .rodata._ZL28read_encoded_value_with_basehjPKhPj
                0x0000000010007f0c       0x34 /usr/lib/gcc/arm-none-eabi/10.3.1/../../../arm-none-eabi/lib/thumb/v6-m/nofp/libstdc++.a(eh_personality.o)
 .rodata        0x0000000010007f40        0x4 /usr/lib/gcc/arm-none-eabi/10.3.1/../../../arm-none-eabi/lib/thumb/v6-m/nofp/libc.a(lib_a-impure.o)
                0x0000000010007f40                _global_impure_ptr
                0x0000000010007f44                . = ALIGN (0x4)
 *(SORT_BY_ALIGNMENT(SORT_BY_NAME(.flashdata*)))
                0x0000000010007f44                . = ALIGN (0x4)

.ARM.extab      0x0000000010007f44       0xd8
 *(.ARM.extab* .gnu.linkonce.armextab.*)
 .ARM.extab.text._ZNK10__cxxabiv120__si_class_type_info12__do_dyncastEiNS_17__class_type_info10__sub_kindEPKS1_PKvS4_S6_RNS1_16__dyncast_resultE
                0x0000000010007f44        0xc /usr/lib/gcc/arm-none-eabi/10.3.1/../../../arm-none-eabi/lib/thumb/v6-m/nofp/libstdc++.a(si_class_type_info.o)
 .ARM.extab.text._ZN10__cxxabiv111__terminateEPFvvE
                0x0000000010007f50       0x28 /usr/lib/gcc/arm-none-eabi/10.3.1/../../../arm-none-eabi/lib/thumb/v6-m/nofp/libstdc++.a(eh_terminate.o)
 .ARM.extab.text.__cxa_type_match
                0x0000000010007f78        0xc /usr/lib/gcc/arm-none-eabi/10.3.1/../../../arm-none-eabi/lib/thumb/v6-m/nofp/libstdc++.a(eh_arm.o)
 .ARM.extab.text.unlikely.__cxa_call_unexpected
                0x0000000010007f84       0x28 /usr/lib/gcc/arm-none-eabi/10.3.1/../../../arm-none-eabi/lib/thumb/v6-m/nofp/libstdc++.a(eh_call.o)
 .ARM.extab.text.__cxa_begin_catch
                0x0000000010007fac        0xc /usr/lib/gcc/arm-none-eabi/10.3.1/../../../arm-none-eabi/lib/thumb/v6-m/nofp/libstdc++.a(eh_catch.o)
 .ARM.extab.text._ZL28read_encoded_value_with_basehjPKhPj
                0x0000000010007fb8        0xc /usr/lib/gcc/arm-none-eabi/10.3.1/../../../arm-none-eabi/lib/thumb/v6-m/nofp/libstdc++.a(eh_personality.o)
 .ARM.extab.text.__gxx_personality_v0
                0x0000000010007fc4       0x28 /usr/lib/gcc/arm-none-eabi/10.3.1/../../../arm-none-eabi/lib/thumb/v6-m/nofp/libstdc++.a(eh_personality.o)
 .ARM.extab     0x0000000010007fec       0x24 /usr/lib/gcc/arm-none-eabi/10.3.1/thumb/v6-m/nofp/libgcc.a(unwind-arm.o)
 .ARM.extab     0x0000000010008010        0xc /usr/lib/gcc/arm-none-eabi/10.3.1/thumb/v6-m/nofp/libgcc.a(pr-support.o)
                0x000000001000801c                __exidx_start = .

.ARM.exidx      0x000000001000801c      0x1b0
 *(.ARM.exidx* .gnu.linkonce.armexidx.*)
 .ARM.exidx.text.__cxa_guard_acquire
                0x000000001000801c        0x8 /usr/lib/gcc/arm-none-eabi/10.3.1/../../../arm-none-eabi/lib/thumb/v6-m/nofp/libstdc++.a(guard.o)
 .ARM.exidx.text.__cxa_guard_release
                0x0000000010008024        0x8 /usr/lib/gcc/arm-none-eabi/10.3.1/../../../arm-none-eabi/lib/thumb/v6-m/nofp/libstdc++.a(guard.o)
 .ARM.exidx.text._ZN9__gnu_cxx20recursive_init_errorD2Ev
                0x000000001000802c        0x0 /usr/lib/gcc/arm-none-eabi/10.3.1/../../../arm-none-eabi/lib/thumb/v6-m/nofp/libstdc++.a(guard_error.o)
                                          0x8 (size before relaxing)
 .ARM.exidx.text._ZN9__gnu_cxx20recursive_init_errorD0Ev
                0x000000001000802c        0x0 /usr/lib/gcc/arm-none-eabi/10.3.1/../../../arm-none-eabi/lib/thumb/v6-m/nofp/libstdc++.a(guard_error.o)
                                          0x8 (size before relaxing)
 .ARM.exidx.text._ZN9__gnu_cxx20recursive_init_errorC2Ev
                0x000000001000802c        0x0 /usr/lib/gcc/arm-none-eabi/10.3.1/../../../arm-none-eabi/lib/thumb/v6-m/nofp/libstdc++.a(guard_error.o)
                                          0x8 (size before relaxing)
 .ARM.exidx.text._ZN10__cxxabiv120__si_class_type_infoD2Ev
                0x000000001000802c        0x0 /usr/lib/gcc/arm-none-eabi/10.3.1/../../../arm-none-eabi/lib/thumb/v6-m/nofp/libstdc++.a(si_class_type_info.o)
                                          0x8 (size before relaxing)
 .ARM.exidx.text._ZN10__cxxabiv120__si_class_type_infoD0Ev
                0x000000001000802c        0x0 /usr/lib/gcc/arm-none-eabi/10.3.1/../../../arm-none-eabi/lib/thumb/v6-m/nofp/libstdc++.a(si_class_type_info.o)
                                          0x8 (size before relaxing)
 .ARM.exidx.text._ZNK10__cxxabiv120__si_class_type_info20__do_find_public_srcEiPKvPKNS_17__class_type_infoES2_
                0x000000001000802c        0x8 /usr/lib/gcc/arm-none-eabi/10.3.1/../../../arm-none-eabi/lib/thumb/v6-m/nofp/libstdc++.a(si_class_type_info.o)
 .ARM.exidx.text._ZNK10__cxxabiv120__si_class_type_info12__do_dyncastEiNS_17__class_type_info10__sub_kindEPKS1_PKvS4_S6_RNS1_16__dyncast_resultE
                0x0000000010008034        0x8 /usr/lib/gcc/arm-none-eabi/10.3.1/../../../arm-none-eabi/lib/thumb/v6-m/nofp/libstdc++.a(si_class_type_info.o)
 .ARM.exidx.text._ZNK10__cxxabiv120__si_class_type_info11__do_upcastEPKNS_17__class_type_infoEPKvRNS1_15__upcast_resultE
                0x000000001000803c        0x8 /usr/lib/gcc/arm-none-eabi/10.3.1/../../../arm-none-eabi/lib/thumb/v6-m/nofp/libstdc++.a(si_class_type_info.o)
 .ARM.exidx.text._ZNSt9type_infoD2Ev
                0x0000000010008044        0x8 /usr/lib/gcc/arm-none-eabi/10.3.1/../../../arm-none-eabi/lib/thumb/v6-m/nofp/libstdc++.a(tinfo.o)
 .ARM.exidx.text._ZNKSt9type_info14__is_pointer_pEv
                0x000000001000804c        0x0 /usr/lib/gcc/arm-none-eabi/10.3.1/../../../arm-none-eabi/lib/thumb/v6-m/nofp/libstdc++.a(tinfo.o)
                                          0x8 (size before relaxing)
 .ARM.exidx.text._ZNKSt9type_infoeqERKS_
                0x000000001000804c        0x0 /usr/lib/gcc/arm-none-eabi/10.3.1/../../../arm-none-eabi/lib/thumb/v6-m/nofp/libstdc++.a(tinfo.o)
                                          0x8 (size before relaxing)
 .ARM.exidx.text._ZNK10__cxxabiv117__class_type_info11__do_upcastEPKS0_PPv
                0x000000001000804c        0x8 /usr/lib/gcc/arm-none-eabi/10.3.1/../../../arm-none-eabi/lib/thumb/v6-m/nofp/libstdc++.a(class_type_info.o)
 .ARM.exidx.text._ZNK10__cxxabiv117__class_type_info20__do_find_public_srcEiPKvPKS0_S2_
                0x0000000010008054        0x8 /usr/lib/gcc/arm-none-eabi/10.3.1/../../../arm-none-eabi/lib/thumb/v6-m/nofp/libstdc++.a(class_type_info.o)
 .ARM.exidx.text._ZN10__cxxabiv117__class_type_infoD2Ev
                0x000000001000805c        0x0 /usr/lib/gcc/arm-none-eabi/10.3.1/../../../arm-none-eabi/lib/thumb/v6-m/nofp/libstdc++.a(class_type_info.o)
                                          0x8 (size before relaxing)
 .ARM.exidx.text._ZN10__cxxabiv117__class_type_infoD0Ev
                0x000000001000805c        0x0 /usr/lib/gcc/arm-none-eabi/10.3.1/../../../arm-none-eabi/lib/thumb/v6-m/nofp/libstdc++.a(class_type_info.o)
                                          0x8 (size before relaxing)
 .ARM.exidx.text._ZNK10__cxxabiv117__class_type_info12__do_dyncastEiNS0_10__sub_kindEPKS0_PKvS3_S5_RNS0_16__dyncast_resultE
                0x000000001000805c        0x0 /usr/lib/gcc/arm-none-eabi/10.3.1/../../../arm-none-eabi/lib/thumb/v6-m/nofp/libstdc++.a(class_type_info.o)
                                          0x8 (size before relaxing)
 .ARM.exidx.text._ZNK10__cxxabiv117__class_type_info11__do_upcastEPKS0_PKvRNS0_15__upcast_resultE
                0x000000001000805c        0x0 /usr/lib/gcc/arm-none-eabi/10.3.1/../../../arm-none-eabi/lib/thumb/v6-m/nofp/libstdc++.a(class_type_info.o)
                                          0x8 (size before relaxing)
 .ARM.exidx.text._ZNK10__cxxabiv117__class_type_info10__do_catchEPKSt9type_infoPPvj
                0x000000001000805c        0x8 /usr/lib/gcc/arm-none-eabi/10.3.1/../../../arm-none-eabi/lib/thumb/v6-m/nofp/libstdc++.a(class_type_info.o)
 .ARM.exidx.text._ZN12_GLOBAL__N_14pool4freeEPv.constprop.0
                0x0000000010008064        0x8 /usr/lib/gcc/arm-none-eabi/10.3.1/../../../arm-none-eabi/lib/thumb/v6-m/nofp/libstdc++.a(eh_alloc.o)
 .ARM.exidx.text._ZN12_GLOBAL__N_14pool8allocateEj.constprop.0
                0x000000001000806c        0x0 /usr/lib/gcc/arm-none-eabi/10.3.1/../../../arm-none-eabi/lib/thumb/v6-m/nofp/libstdc++.a(eh_alloc.o)
                                          0x8 (size before relaxing)
 .ARM.exidx.text.__cxa_allocate_exception
                0x000000001000806c        0x0 /usr/lib/gcc/arm-none-eabi/10.3.1/../../../arm-none-eabi/lib/thumb/v6-m/nofp/libstdc++.a(eh_alloc.o)
                                          0x8 (size before relaxing)
 .ARM.exidx.text.__cxa_free_exception
                0x000000001000806c        0x0 /usr/lib/gcc/arm-none-eabi/10.3.1/../../../arm-none-eabi/lib/thumb/v6-m/nofp/libstdc++.a(eh_alloc.o)
                                          0x8 (size before relaxing)
 .ARM.exidx.text.startup._GLOBAL__sub_I__ZN9__gnu_cxx9__freeresEv
                0x000000001000806c        0x0 /usr/lib/gcc/arm-none-eabi/10.3.1/../../../arm-none-eabi/lib/thumb/v6-m/nofp/libstdc++.a(eh_alloc.o)
                                          0x8 (size before relaxing)
 .ARM.exidx.text._ZNSt9exceptionD2Ev
                0x000000001000806c        0x0 /usr/lib/gcc/arm-none-eabi/10.3.1/../../../arm-none-eabi/lib/thumb/v6-m/nofp/libstdc++.a(eh_exception.o)
                                          0x8 (size before relaxing)
 .ARM.exidx.text._ZNSt13bad_exceptionD2Ev
                0x000000001000806c        0x0 /usr/lib/gcc/arm-none-eabi/10.3.1/../../../arm-none-eabi/lib/thumb/v6-m/nofp/libstdc++.a(eh_exception.o)
                                          0x8 (size before relaxing)
 .ARM.exidx.text._ZNKSt9exception4whatEv
                0x000000001000806c        0x0 /usr/lib/gcc/arm-none-eabi/10.3.1/../../../arm-none-eabi/lib/thumb/v6-m/nofp/libstdc++.a(eh_exception.o)
                                          0x8 (size before relaxing)
 .ARM.exidx.text._ZNKSt13bad_exception4whatEv
                0x000000001000806c        0x0 /usr/lib/gcc/arm-none-eabi/10.3.1/../../../arm-none-eabi/lib/thumb/v6-m/nofp/libstdc++.a(eh_exception.o)
                                          0x8 (size before relaxing)
 .ARM.exidx.text._ZNSt13bad_exceptionD0Ev
                0x000000001000806c        0x0 /usr/lib/gcc/arm-none-eabi/10.3.1/../../../arm-none-eabi/lib/thumb/v6-m/nofp/libstdc++.a(eh_exception.o)
                                          0x8 (size before relaxing)
 .ARM.exidx.text._ZN10__cxxabiv111__terminateEPFvvE
                0x000000001000806c        0x8 /usr/lib/gcc/arm-none-eabi/10.3.1/../../../arm-none-eabi/lib/thumb/v6-m/nofp/libstdc++.a(eh_terminate.o)
 .ARM.exidx.text._ZSt9terminatev
                0x0000000010008074        0x8 /usr/lib/gcc/arm-none-eabi/10.3.1/../../../arm-none-eabi/lib/thumb/v6-m/nofp/libstdc++.a(eh_terminate.o)
 .ARM.exidx.text._ZN10__cxxabiv112__unexpectedEPFvvE
                0x000000001000807c        0x8 /usr/lib/gcc/arm-none-eabi/10.3.1/../../../arm-none-eabi/lib/thumb/v6-m/nofp/libstdc++.a(eh_terminate.o)
 .ARM.exidx.text._ZSt10unexpectedv
                0x0000000010008084        0x0 /usr/lib/gcc/arm-none-eabi/10.3.1/../../../arm-none-eabi/lib/thumb/v6-m/nofp/libstdc++.a(eh_terminate.o)
                                          0x8 (size before relaxing)
 .ARM.exidx.text._ZSt13get_terminatev
                0x0000000010008084        0x8 /usr/lib/gcc/arm-none-eabi/10.3.1/../../../arm-none-eabi/lib/thumb/v6-m/nofp/libstdc++.a(eh_terminate.o)
 .ARM.exidx.text._ZSt14get_unexpectedv
                0x000000001000808c        0x0 /usr/lib/gcc/arm-none-eabi/10.3.1/../../../arm-none-eabi/lib/thumb/v6-m/nofp/libstdc++.a(eh_terminate.o)
                                          0x8 (size before relaxing)
 .ARM.exidx.text._ZL23__gxx_exception_cleanup19_Unwind_Reason_CodeP21_Unwind_Control_Block
                0x000000001000808c        0x8 /usr/lib/gcc/arm-none-eabi/10.3.1/../../../arm-none-eabi/lib/thumb/v6-m/nofp/libstdc++.a(eh_throw.o)
 .ARM.exidx.text.__cxa_init_primary_exception
                0x0000000010008094        0x8 /usr/lib/gcc/arm-none-eabi/10.3.1/../../../arm-none-eabi/lib/thumb/v6-m/nofp/libstdc++.a(eh_throw.o)
 .ARM.exidx.text.__cxa_throw
                0x000000001000809c        0x8 /usr/lib/gcc/arm-none-eabi/10.3.1/../../../arm-none-eabi/lib/thumb/v6-m/nofp/libstdc++.a(eh_throw.o)
 .ARM.exidx.text.__cxa_rethrow
                0x00000000100080a4       0x10 /usr/lib/gcc/arm-none-eabi/10.3.1/../../../arm-none-eabi/lib/thumb/v6-m/nofp/libstdc++.a(eh_throw.o)
                                          0x8 (size before relaxing)
 .ARM.exidx.text.__cxa_type_match
                0x00000000100080b4        0x8 /usr/lib/gcc/arm-none-eabi/10.3.1/../../../arm-none-eabi/lib/thumb/v6-m/nofp/libstdc++.a(eh_arm.o)
 .ARM.exidx.text.__cxa_begin_cleanup
                0x00000000100080bc        0x8 /usr/lib/gcc/arm-none-eabi/10.3.1/../../../arm-none-eabi/lib/thumb/v6-m/nofp/libstdc++.a(eh_arm.o)
 .ARM.exidx.text.__gnu_end_cleanup
                0x00000000100080c4        0x0 /usr/lib/gcc/arm-none-eabi/10.3.1/../../../arm-none-eabi/lib/thumb/v6-m/nofp/libstdc++.a(eh_arm.o)
                                          0x8 (size before relaxing)
 .ARM.exidx.text._ZN10__cxxabiv1L24__is_gxx_exception_classEPc
                0x00000000100080c4        0x0 /usr/lib/gcc/arm-none-eabi/10.3.1/../../../arm-none-eabi/lib/thumb/v6-m/nofp/libstdc++.a(eh_call.o)
                                          0x8 (size before relaxing)
 .ARM.exidx.text.__cxa_call_terminate
                0x00000000100080c4        0x0 /usr/lib/gcc/arm-none-eabi/10.3.1/../../../arm-none-eabi/lib/thumb/v6-m/nofp/libstdc++.a(eh_call.o)
                                          0x8 (size before relaxing)
 .ARM.exidx.text.unlikely.__cxa_call_unexpected
                0x00000000100080c4        0x8 /usr/lib/gcc/arm-none-eabi/10.3.1/../../../arm-none-eabi/lib/thumb/v6-m/nofp/libstdc++.a(eh_call.o)
 .ARM.exidx.text.__cxa_begin_catch
                0x00000000100080cc        0x8 /usr/lib/gcc/arm-none-eabi/10.3.1/../../../arm-none-eabi/lib/thumb/v6-m/nofp/libstdc++.a(eh_catch.o)
 .ARM.exidx.text.__cxa_end_catch
                0x00000000100080d4        0x8 /usr/lib/gcc/arm-none-eabi/10.3.1/../../../arm-none-eabi/lib/thumb/v6-m/nofp/libstdc++.a(eh_catch.o)
 .ARM.exidx.text.__cxa_get_globals_fast
                0x00000000100080dc        0x8 /usr/lib/gcc/arm-none-eabi/10.3.1/../../../arm-none-eabi/lib/thumb/v6-m/nofp/libstdc++.a(eh_globals.o)
 .ARM.exidx.text.__cxa_get_globals
                0x00000000100080e4        0x0 /usr/lib/gcc/arm-none-eabi/10.3.1/../../../arm-none-eabi/lib/thumb/v6-m/nofp/libstdc++.a(eh_globals.o)
                                          0x8 (size before relaxing)
 .ARM.exidx.text._ZL28read_encoded_value_with_basehjPKhPj
                0x00000000100080e4        0x8 /usr/lib/gcc/arm-none-eabi/10.3.1/../../../arm-none-eabi/lib/thumb/v6-m/nofp/libstdc++.a(eh_personality.o)
 .ARM.exidx.text._ZL21base_of_encoded_valuehP15_Unwind_Context
                0x00000000100080ec        0x8 /usr/lib/gcc/arm-none-eabi/10.3.1/../../../arm-none-eabi/lib/thumb/v6-m/nofp/libstdc++.a(eh_personality.o)
 .ARM.exidx.text._ZL17parse_lsda_headerP15_Unwind_ContextPKhP16lsda_header_info
                0x00000000100080f4        0x8 /usr/lib/gcc/arm-none-eabi/10.3.1/../../../arm-none-eabi/lib/thumb/v6-m/nofp/libstdc++.a(eh_personality.o)
 .ARM.exidx.text.__gxx_personality_v0
                0x00000000100080fc       0x10 /usr/lib/gcc/arm-none-eabi/10.3.1/../../../arm-none-eabi/lib/thumb/v6-m/nofp/libstdc++.a(eh_personality.o)
                                          0x8 (size before relaxing)
 .ARM.exidx     0x000000001000810c       0x90 /usr/lib/gcc/arm-none-eabi/10.3.1/thumb/v6-m/nofp/libgcc.a(unwind-arm.o)
                                         0xd8 (size before relaxing)
 .ARM.exidx     0x000000001000819c       0x28 /usr/lib/gcc/arm-none-eabi/10.3.1/thumb/v6-m/nofp/libgcc.a(pr-support.o)
                                         0x38 (size before relaxing)
 .ARM.exidx.text.unlikely
                0x00000000100081c4        0x8 /usr/lib/gcc/arm-none-eabi/10.3.1/thumb/v6-m/nofp/libgcc.a(pr-support.o)
                                         0x10 (size before relaxing)
                0x00000000100081cc                __exidx_end = .

.rel.dyn        0x00000000100081cc        0x0
 .rel.iplt      0x00000000100081cc        0x0 /usr/lib/gcc/arm-none-eabi/10.3.1/thumb/v6-m/nofp/crtbegin.o
                0x00000000100081cc                . = ALIGN (0x4)
                0x00000000100081cc                __binary_info_start = .

.binary_info    0x00000000100081cc       0x20
 *(.binary_info.keep.*)
 .binary_info.keep.__bi_ptr22
                0x00000000100081cc        0x4 CMakeFiles/radio.dir/home/gtown/develop/pico/pico-sdk/src/rp2_common/pico_standard_link/binary_info.c.obj
 .binary_info.keep.__bi_ptr30
                0x00000000100081d0        0x4 CMakeFiles/radio.dir/home/gtown/develop/pico/pico-sdk/src/rp2_common/pico_standard_link/binary_info.c.obj
 .binary_info.keep.__bi_ptr44
                0x00000000100081d4        0x4 CMakeFiles/radio.dir/home/gtown/develop/pico/pico-sdk/src/rp2_common/pico_standard_link/binary_info.c.obj
 .binary_info.keep.__bi_ptr50
                0x00000000100081d8        0x4 CMakeFiles/radio.dir/home/gtown/develop/pico/pico-sdk/src/rp2_common/pico_standard_link/binary_info.c.obj
 .binary_info.keep.__bi_ptr75
                0x00000000100081dc        0x4 CMakeFiles/radio.dir/home/gtown/develop/pico/pico-sdk/src/rp2_common/pico_standard_link/binary_info.c.obj
 .binary_info.keep.__bi_ptr81
                0x00000000100081e0        0x4 CMakeFiles/radio.dir/home/gtown/develop/pico/pico-sdk/src/rp2_common/pico_standard_link/binary_info.c.obj
 *(.binary_info.*)
 .binary_info.__bi_ptr28
                0x00000000100081e4        0x4 CMakeFiles/radio.dir/home/gtown/develop/pico/pico-sdk/src/rp2_common/pico_stdio_uart/stdio_uart.c.obj
 .binary_info.__bi_ptr29
                0x00000000100081e8        0x4 CMakeFiles/radio.dir/home/gtown/develop/pico/pico-sdk/src/rp2_common/pico_stdio_uart/stdio_uart.c.obj
                0x00000000100081ec                __binary_info_end = .
                0x00000000100081ec                . = ALIGN (0x4)
                0x00000000100081ec                __etext = .

.ram_vector_table
                0x0000000020000000       0xc0
 *(.ram_vector_table)
 .ram_vector_table
                0x0000000020000000       0xc0 CMakeFiles/radio.dir/home/gtown/develop/pico/pico-sdk/src/rp2_common/pico_runtime/runtime.c.obj
                0x0000000020000000                ram_vector_table

.data           0x00000000200000c0     0x59f8 load address 0x00000000100081ec
                0x00000000200000c0                __data_start__ = .
 *(vtable)
 *(.time_critical*)
 .time_critical.mutex_enter_blocking
                0x00000000200000c0       0x48 CMakeFiles/radio.dir/home/gtown/develop/pico/pico-sdk/src/common/pico_sync/mutex.c.obj
                0x00000000200000c0                mutex_enter_blocking
 .time_critical.mutex_try_enter
                0x0000000020000108       0x44 CMakeFiles/radio.dir/home/gtown/develop/pico/pico-sdk/src/common/pico_sync/mutex.c.obj
                0x0000000020000108                mutex_try_enter
 .time_critical.mutex_exit
                0x000000002000014c       0x28 CMakeFiles/radio.dir/home/gtown/develop/pico/pico-sdk/src/common/pico_sync/mutex.c.obj
                0x000000002000014c                mutex_exit
 .time_critical.flash_init_boot2_copyout
                0x0000000020000174       0x30 CMakeFiles/radio.dir/home/gtown/develop/pico/pico-sdk/src/rp2_common/hardware_flash/flash.c.obj
 .time_critical.flash_enable_xip_via_boot2
                0x00000000200001a4       0x10 CMakeFiles/radio.dir/home/gtown/develop/pico/pico-sdk/src/rp2_common/hardware_flash/flash.c.obj
 .time_critical.flash_range_erase
                0x00000000200001b4       0x80 CMakeFiles/radio.dir/home/gtown/develop/pico/pico-sdk/src/rp2_common/hardware_flash/flash.c.obj
                0x00000000200001b4                flash_range_erase
 .time_critical.flash_range_program
                0x0000000020000234       0x80 CMakeFiles/radio.dir/home/gtown/develop/pico/pico-sdk/src/rp2_common/hardware_flash/flash.c.obj
                0x0000000020000234                flash_range_program
 *(.text*)
 .text          0x00000000200002b4        0x4 /usr/lib/gcc/arm-none-eabi/10.3.1/thumb/v6-m/nofp/libgcc.a(_dvmd_tls.o)
                0x00000000200002b4                __aeabi_ldiv0
                0x00000000200002b4                __aeabi_idiv0
 .text          0x00000000200002b8      0xa30 /usr/lib/gcc/arm-none-eabi/10.3.1/thumb/v6-m/nofp/libgcc.a(unwind-arm.o)
                0x0000000020000584                _Unwind_GetCFA
                0x0000000020000588                __gnu_Unwind_RaiseException
                0x00000000200005dc                __gnu_Unwind_ForcedUnwind
                0x00000000200005f0                __gnu_Unwind_Resume
                0x0000000020000638                __gnu_Unwind_Resume_or_Rethrow
                0x0000000020000654                _Unwind_Complete
                0x0000000020000658                _Unwind_DeleteException
                0x0000000020000668                _Unwind_VRS_Get
                0x00000000200006b4                _Unwind_VRS_Set
                0x0000000020000700                __gnu_Unwind_Backtrace
                0x0000000020000a5c                __aeabi_unwind_cpp_pr0
                0x0000000020000a68                __aeabi_unwind_cpp_pr1
                0x0000000020000a74                __aeabi_unwind_cpp_pr2
                0x0000000020000a80                _Unwind_VRS_Pop
 .text          0x0000000020000ce8      0x144 /usr/lib/gcc/arm-none-eabi/10.3.1/thumb/v6-m/nofp/libgcc.a(libunwind.o)
                0x0000000020000ce8                __restore_core_regs
                0x0000000020000ce8                restore_core_regs
                0x0000000020000d14                __gnu_Unwind_Restore_VFP
                0x0000000020000d18                __gnu_Unwind_Save_VFP
                0x0000000020000d1c                __gnu_Unwind_Restore_VFP_D
                0x0000000020000d20                __gnu_Unwind_Save_VFP_D
                0x0000000020000d24                __gnu_Unwind_Restore_VFP_D_16_to_31
                0x0000000020000d28                __gnu_Unwind_Save_VFP_D_16_to_31
                0x0000000020000d2c                __gnu_Unwind_Restore_WMMXD
                0x0000000020000d30                __gnu_Unwind_Save_WMMXD
                0x0000000020000d34                __gnu_Unwind_Restore_WMMXC
                0x0000000020000d38                __gnu_Unwind_Save_WMMXC
                0x0000000020000d3c                ___Unwind_RaiseException
                0x0000000020000d3c                _Unwind_RaiseException
                0x0000000020000d6c                ___Unwind_Resume
                0x0000000020000d6c                _Unwind_Resume
                0x0000000020000d9c                _Unwind_Resume_or_Rethrow
                0x0000000020000d9c                ___Unwind_Resume_or_Rethrow
                0x0000000020000dcc                ___Unwind_ForcedUnwind
                0x0000000020000dcc                _Unwind_ForcedUnwind
                0x0000000020000dfc                _Unwind_Backtrace
                0x0000000020000dfc                ___Unwind_Backtrace
 .text          0x0000000020000e2c      0x38c /usr/lib/gcc/arm-none-eabi/10.3.1/thumb/v6-m/nofp/libgcc.a(pr-support.o)
                0x0000000020000e80                __gnu_unwind_execute
                0x0000000020001170                __gnu_unwind_frame
                0x0000000020001198                _Unwind_GetRegionStart
                0x00000000200011a4                _Unwind_GetLanguageSpecificData
 .text.unlikely
                0x00000000200011b8        0xc /usr/lib/gcc/arm-none-eabi/10.3.1/thumb/v6-m/nofp/libgcc.a(pr-support.o)
                0x00000000200011b8                _Unwind_GetDataRelBase
                0x00000000200011be                _Unwind_GetTextRelBase
 *fill*         0x00000000200011c4        0x4 
 .text.unlikely.__stub
                0x00000000200011c8       0x50 linker stubs
                0x0000000020001218                . = ALIGN (0x4)
 *(.rodata*)
                0x0000000020001218                . = ALIGN (0x4)
 *(.data*)
 .data.flash_target_contents
                0x0000000020001218        0x4 CMakeFiles/radio.dir/radio.cpp.obj
                0x0000000020001218                flash_target_contents
 .data.striped_spin_lock_num
                0x000000002000121c        0x1 CMakeFiles/radio.dir/home/gtown/develop/pico/pico-sdk/src/rp2_common/hardware_sync/sync.c.obj
 *fill*         0x000000002000121d        0x3 